Command line invocation:
    /Applications/Xcode.app/Contents/Developer/usr/bin/xcodebuild test -scheme CleanME -destination platform=macOS

Resolve Package Graph


Resolved source packages:
  CleanME: /Users/sunmarke/Desktop/CleanMe

ComputePackagePrebuildTargetDependencyGraph

Prepare packages

CreateBuildRequest

SendProjectDescription

CreateBuildOperation

ComputeTargetDependencyGraph
note: Building targets in dependency order
note: Target dependency graph (4 targets)
    Target 'CleanMETests' in project 'CleanME'
        ➜ Explicit dependency on target 'CleanME' in project 'CleanME'
        ➜ Explicit dependency on target 'CleanME' in project 'CleanME'
    Target 'CleanME' in project 'CleanME' (no dependencies)
    Target 'CleanME' in project 'CleanME'
        ➜ Explicit dependency on target 'CleanME_CleanME' in project 'CleanME'
    Target 'CleanME_CleanME' in project 'CleanME' (no dependencies)

GatherProvisioningInputs

CreateBuildDescription

ExecuteExternalTool /Applications/Xcode.app/Contents/Developer/Toolchains/XcodeDefault.xctoolchain/usr/bin/clang -v -E -dM -isysroot /Applications/Xcode.app/Contents/Developer/Platforms/MacOSX.platform/Developer/SDKs/MacOSX26.1.sdk -x c -c /dev/null

ExecuteExternalTool /Applications/Xcode.app/Contents/Developer/usr/bin/actool --version --output-format xml1

ExecuteExternalTool /Applications/Xcode.app/Contents/Developer/Toolchains/XcodeDefault.xctoolchain/usr/bin/swiftc --version

ExecuteExternalTool /Applications/Xcode.app/Contents/Developer/Toolchains/XcodeDefault.xctoolchain/usr/bin/ld -version_details

Build description signature: 3a4a51ecf22b06abdbe94153ee5d7535
Build description path: /Users/sunmarke/Library/Developer/Xcode/DerivedData/CleanMe-fdguqcjflhdnvxhhnwyjiswrldxg/Build/Intermediates.noindex/XCBuildData/3a4a51ecf22b06abdbe94153ee5d7535.xcbuilddata
ClangStatCache /Applications/Xcode.app/Contents/Developer/Toolchains/XcodeDefault.xctoolchain/usr/bin/clang-stat-cache /Applications/Xcode.app/Contents/Developer/Platforms/MacOSX.platform/Developer/SDKs/MacOSX26.1.sdk /Users/sunmarke/Library/Developer/Xcode/DerivedData/SDKStatCaches.noindex/macosx26.1-25B74-3ae1261907bdadc328169391a47051a6.sdkstatcache
    cd /Users/sunmarke/Desktop/CleanMe/.swiftpm/xcode
    /Applications/Xcode.app/Contents/Developer/Toolchains/XcodeDefault.xctoolchain/usr/bin/clang-stat-cache /Applications/Xcode.app/Contents/Developer/Platforms/MacOSX.platform/Developer/SDKs/MacOSX26.1.sdk -o /Users/sunmarke/Library/Developer/Xcode/DerivedData/SDKStatCaches.noindex/macosx26.1-25B74-3ae1261907bdadc328169391a47051a6.sdkstatcache

WriteAuxiliaryFile /Users/sunmarke/Library/Developer/Xcode/DerivedData/CleanMe-fdguqcjflhdnvxhhnwyjiswrldxg/Build/Intermediates.noindex/CleanME.build/Debug/CleanMETests.build/Objects-normal/arm64/CleanMETests.SwiftFileList (in target 'CleanMETests' from project 'CleanME')
    cd /Users/sunmarke/Desktop/CleanMe
    write-file /Users/sunmarke/Library/Developer/Xcode/DerivedData/CleanMe-fdguqcjflhdnvxhhnwyjiswrldxg/Build/Intermediates.noindex/CleanME.build/Debug/CleanMETests.build/Objects-normal/arm64/CleanMETests.SwiftFileList

WriteAuxiliaryFile /Users/sunmarke/Library/Developer/Xcode/DerivedData/CleanMe-fdguqcjflhdnvxhhnwyjiswrldxg/Build/Intermediates.noindex/CleanME.build/Debug/CleanMETests.build/Objects-normal/arm64/CleanMETests.SwiftConstValuesFileList (in target 'CleanMETests' from project 'CleanME')
    cd /Users/sunmarke/Desktop/CleanMe
    write-file /Users/sunmarke/Library/Developer/Xcode/DerivedData/CleanMe-fdguqcjflhdnvxhhnwyjiswrldxg/Build/Intermediates.noindex/CleanME.build/Debug/CleanMETests.build/Objects-normal/arm64/CleanMETests.SwiftConstValuesFileList

WriteAuxiliaryFile /Users/sunmarke/Library/Developer/Xcode/DerivedData/CleanMe-fdguqcjflhdnvxhhnwyjiswrldxg/Build/Intermediates.noindex/CleanME.build/Debug/CleanMETests.build/Objects-normal/arm64/CleanMETests.LinkFileList (in target 'CleanMETests' from project 'CleanME')
    cd /Users/sunmarke/Desktop/CleanMe
    write-file /Users/sunmarke/Library/Developer/Xcode/DerivedData/CleanMe-fdguqcjflhdnvxhhnwyjiswrldxg/Build/Intermediates.noindex/CleanME.build/Debug/CleanMETests.build/Objects-normal/arm64/CleanMETests.LinkFileList

WriteAuxiliaryFile /Users/sunmarke/Library/Developer/Xcode/DerivedData/CleanMe-fdguqcjflhdnvxhhnwyjiswrldxg/Build/Intermediates.noindex/CleanME.build/Debug/CleanMETests.build/Objects-normal/arm64/CleanMETests-OutputFileMap.json (in target 'CleanMETests' from project 'CleanME')
    cd /Users/sunmarke/Desktop/CleanMe
    write-file /Users/sunmarke/Library/Developer/Xcode/DerivedData/CleanMe-fdguqcjflhdnvxhhnwyjiswrldxg/Build/Intermediates.noindex/CleanME.build/Debug/CleanMETests.build/Objects-normal/arm64/CleanMETests-OutputFileMap.json

ProcessInfoPlistFile /Users/sunmarke/Library/Developer/Xcode/DerivedData/CleanMe-fdguqcjflhdnvxhhnwyjiswrldxg/Build/Products/Debug/CleanME_CleanME.bundle/Contents/Info.plist /Users/sunmarke/Library/Developer/Xcode/DerivedData/CleanMe-fdguqcjflhdnvxhhnwyjiswrldxg/Build/Intermediates.noindex/CleanME.build/Debug/CleanME_CleanME.build/empty-CleanME_CleanME.plist (in target 'CleanME_CleanME' from project 'CleanME')
    cd /Users/sunmarke/Desktop/CleanMe
    builtin-infoPlistUtility /Users/sunmarke/Library/Developer/Xcode/DerivedData/CleanMe-fdguqcjflhdnvxhhnwyjiswrldxg/Build/Intermediates.noindex/CleanME.build/Debug/CleanME_CleanME.build/empty-CleanME_CleanME.plist -producttype com.apple.product-type.bundle -expandbuildsettings -platform macosx -additionalcontentfile /Users/sunmarke/Library/Developer/Xcode/DerivedData/CleanMe-fdguqcjflhdnvxhhnwyjiswrldxg/Build/Intermediates.noindex/CleanME.build/Debug/CleanME_CleanME.build/assetcatalog_generated_info.plist -o /Users/sunmarke/Library/Developer/Xcode/DerivedData/CleanMe-fdguqcjflhdnvxhhnwyjiswrldxg/Build/Products/Debug/CleanME_CleanME.bundle/Contents/Info.plist

SwiftDriver CleanME normal arm64 com.apple.xcode.tools.swift.compiler (in target 'CleanME' from project 'CleanME')
    cd /Users/sunmarke/Desktop/CleanMe/.swiftpm/xcode
    builtin-SwiftDriver -- /Applications/Xcode.app/Contents/Developer/Toolchains/XcodeDefault.xctoolchain/usr/bin/swiftc -module-name CleanME -Onone -enforce-exclusivity\=checked @/Users/sunmarke/Library/Developer/Xcode/DerivedData/CleanMe-fdguqcjflhdnvxhhnwyjiswrldxg/Build/Intermediates.noindex/CleanME.build/Debug/CleanME.build/Objects-normal/arm64/CleanME.SwiftFileList -DSWIFT_PACKAGE -DDEBUG -DSWIFT_MODULE_RESOURCE_BUNDLE_AVAILABLE -DXcode -Xfrontend -enable-upcoming-feature -Xfrontend BareSlashRegexLiterals -plugin-path /Applications/Xcode.app/Contents/Developer/Toolchains/XcodeDefault.xctoolchain/usr/lib/swift/host/plugins/testing -enable-experimental-feature DebugDescriptionMacro -sdk /Applications/Xcode.app/Contents/Developer/Platforms/MacOSX.platform/Developer/SDKs/MacOSX26.1.sdk -target arm64-apple-macos12.0 -g -module-cache-path /Users/sunmarke/Library/Developer/Xcode/DerivedData/ModuleCache.noindex -Xfrontend -serialize-debugging-options -profile-coverage-mapping -profile-generate -enable-testing -index-store-path /Users/sunmarke/Library/Developer/Xcode/DerivedData/CleanMe-fdguqcjflhdnvxhhnwyjiswrldxg/Index.noindex/DataStore -Xcc -D_LIBCPP_HARDENING_MODE\=_LIBCPP_HARDENING_MODE_DEBUG -swift-version 5 -I /Users/sunmarke/Library/Developer/Xcode/DerivedData/CleanMe-fdguqcjflhdnvxhhnwyjiswrldxg/Build/Products/Debug -Isystem /Applications/Xcode.app/Contents/Developer/Platforms/MacOSX.platform/Developer/usr/lib -F /Users/sunmarke/Library/Developer/Xcode/DerivedData/CleanMe-fdguqcjflhdnvxhhnwyjiswrldxg/Build/Products/Debug -F /Applications/Xcode.app/Contents/Developer/Platforms/MacOSX.platform/Developer/Library/Frameworks -c -j8 -enable-batch-mode -incremental -Xcc -ivfsstatcache -Xcc /Users/sunmarke/Library/Developer/Xcode/DerivedData/SDKStatCaches.noindex/macosx26.1-25B74-3ae1261907bdadc328169391a47051a6.sdkstatcache -output-file-map /Users/sunmarke/Library/Developer/Xcode/DerivedData/CleanMe-fdguqcjflhdnvxhhnwyjiswrldxg/Build/Intermediates.noindex/CleanME.build/Debug/CleanME.build/Objects-normal/arm64/CleanME-OutputFileMap.json -use-frontend-parseable-output -save-temps -no-color-diagnostics -explicit-module-build -module-cache-path /Users/sunmarke/Library/Developer/Xcode/DerivedData/CleanMe-fdguqcjflhdnvxhhnwyjiswrldxg/Build/Intermediates.noindex/SwiftExplicitPrecompiledModules -clang-scanner-module-cache-path /Users/sunmarke/Library/Developer/Xcode/DerivedData/ModuleCache.noindex -sdk-module-cache-path /Users/sunmarke/Library/Developer/Xcode/DerivedData/ModuleCache.noindex -serialize-diagnostics -emit-dependencies -emit-module -emit-module-path /Users/sunmarke/Library/Developer/Xcode/DerivedData/CleanMe-fdguqcjflhdnvxhhnwyjiswrldxg/Build/Intermediates.noindex/CleanME.build/Debug/CleanME.build/Objects-normal/arm64/CleanME.swiftmodule -validate-clang-modules-once -clang-build-session-file /Users/sunmarke/Library/Developer/Xcode/DerivedData/ModuleCache.noindex/Session.modulevalidation -package-name cleanme -emit-const-values -Xfrontend -const-gather-protocols-file -Xfrontend /Users/sunmarke/Library/Developer/Xcode/DerivedData/CleanMe-fdguqcjflhdnvxhhnwyjiswrldxg/Build/Intermediates.noindex/CleanME.build/Debug/CleanME.build/Objects-normal/arm64/CleanME_const_extract_protocols.json -Xcc -I/Users/sunmarke/Library/Developer/Xcode/DerivedData/CleanMe-fdguqcjflhdnvxhhnwyjiswrldxg/Build/Products/Debug/include -Xcc -I/Users/sunmarke/Library/Developer/Xcode/DerivedData/CleanMe-fdguqcjflhdnvxhhnwyjiswrldxg/Build/Intermediates.noindex/CleanME.build/Debug/CleanME.build/DerivedSources-normal/arm64 -Xcc -I/Users/sunmarke/Library/Developer/Xcode/DerivedData/CleanMe-fdguqcjflhdnvxhhnwyjiswrldxg/Build/Intermediates.noindex/CleanME.build/Debug/CleanME.build/DerivedSources/arm64 -Xcc -I/Users/sunmarke/Library/Developer/Xcode/DerivedData/CleanMe-fdguqcjflhdnvxhhnwyjiswrldxg/Build/Intermediates.noindex/CleanME.build/Debug/CleanME.build/DerivedSources -Xcc -DSWIFT_PACKAGE -Xcc -DDEBUG\=1 -working-directory /Users/sunmarke/Desktop/CleanMe/.swiftpm/xcode -experimental-emit-module-separately -disable-cmo

SwiftDriver CleanME-3123379DC20F7F7C-testable normal arm64 com.apple.xcode.tools.swift.compiler (in target 'CleanME' from project 'CleanME')
    cd /Users/sunmarke/Desktop/CleanMe/.swiftpm/xcode
    builtin-SwiftDriver -- /Applications/Xcode.app/Contents/Developer/Toolchains/XcodeDefault.xctoolchain/usr/bin/swiftc -module-name CleanME -Onone -enforce-exclusivity\=checked @/Users/sunmarke/Library/Developer/Xcode/DerivedData/CleanMe-fdguqcjflhdnvxhhnwyjiswrldxg/Build/Intermediates.noindex/CleanME.build/Debug/CleanME-3123379DC20F7F7C-testable.build/Objects-normal/arm64/CleanME-3123379DC20F7F7C-testable.SwiftFileList -DSWIFT_PACKAGE -DDEBUG -DSWIFT_MODULE_RESOURCE_BUNDLE_AVAILABLE -DXcode -Xfrontend -entry-point-function-name -Xfrontend CleanME_main -Xfrontend -enable-upcoming-feature -Xfrontend BareSlashRegexLiterals -plugin-path /Applications/Xcode.app/Contents/Developer/Toolchains/XcodeDefault.xctoolchain/usr/lib/swift/host/plugins/testing -enable-experimental-feature DebugDescriptionMacro -sdk /Applications/Xcode.app/Contents/Developer/Platforms/MacOSX.platform/Developer/SDKs/MacOSX26.1.sdk -target arm64-apple-macos12.0 -g -module-cache-path /Users/sunmarke/Library/Developer/Xcode/DerivedData/ModuleCache.noindex -Xfrontend -serialize-debugging-options -profile-coverage-mapping -profile-generate -enable-testing -index-store-path /Users/sunmarke/Library/Developer/Xcode/DerivedData/CleanMe-fdguqcjflhdnvxhhnwyjiswrldxg/Index.noindex/DataStore -Xcc -D_LIBCPP_HARDENING_MODE\=_LIBCPP_HARDENING_MODE_DEBUG -swift-version 5 -I /Users/sunmarke/Library/Developer/Xcode/DerivedData/CleanMe-fdguqcjflhdnvxhhnwyjiswrldxg/Build/Products/Debug -Isystem /Applications/Xcode.app/Contents/Developer/Platforms/MacOSX.platform/Developer/usr/lib -F /Users/sunmarke/Library/Developer/Xcode/DerivedData/CleanMe-fdguqcjflhdnvxhhnwyjiswrldxg/Build/Products/Debug -F /Applications/Xcode.app/Contents/Developer/Platforms/MacOSX.platform/Developer/Library/Frameworks -c -j8 -enable-batch-mode -incremental -Xcc -ivfsstatcache -Xcc /Users/sunmarke/Library/Developer/Xcode/DerivedData/SDKStatCaches.noindex/macosx26.1-25B74-3ae1261907bdadc328169391a47051a6.sdkstatcache -output-file-map /Users/sunmarke/Library/Developer/Xcode/DerivedData/CleanMe-fdguqcjflhdnvxhhnwyjiswrldxg/Build/Intermediates.noindex/CleanME.build/Debug/CleanME-3123379DC20F7F7C-testable.build/Objects-normal/arm64/CleanME-3123379DC20F7F7C-testable-OutputFileMap.json -use-frontend-parseable-output -save-temps -no-color-diagnostics -explicit-module-build -module-cache-path /Users/sunmarke/Library/Developer/Xcode/DerivedData/CleanMe-fdguqcjflhdnvxhhnwyjiswrldxg/Build/Intermediates.noindex/SwiftExplicitPrecompiledModules -clang-scanner-module-cache-path /Users/sunmarke/Library/Developer/Xcode/DerivedData/ModuleCache.noindex -sdk-module-cache-path /Users/sunmarke/Library/Developer/Xcode/DerivedData/ModuleCache.noindex -serialize-diagnostics -emit-dependencies -emit-module -emit-module-path /Users/sunmarke/Library/Developer/Xcode/DerivedData/CleanMe-fdguqcjflhdnvxhhnwyjiswrldxg/Build/Intermediates.noindex/CleanME.build/Debug/CleanME-3123379DC20F7F7C-testable.build/Objects-normal/arm64/CleanME.swiftmodule -validate-clang-modules-once -clang-build-session-file /Users/sunmarke/Library/Developer/Xcode/DerivedData/ModuleCache.noindex/Session.modulevalidation -package-name cleanme -Xcc -I/Users/sunmarke/Library/Developer/Xcode/DerivedData/CleanMe-fdguqcjflhdnvxhhnwyjiswrldxg/Build/Intermediates.noindex/CleanME.build/Debug/CleanME-3123379DC20F7F7C-testable.build/swift-overrides.hmap -emit-const-values -Xfrontend -const-gather-protocols-file -Xfrontend /Users/sunmarke/Library/Developer/Xcode/DerivedData/CleanMe-fdguqcjflhdnvxhhnwyjiswrldxg/Build/Intermediates.noindex/CleanME.build/Debug/CleanME-3123379DC20F7F7C-testable.build/Objects-normal/arm64/CleanME-3123379DC20F7F7C-testable_const_extract_protocols.json -Xcc -I/Users/sunmarke/Library/Developer/Xcode/DerivedData/CleanMe-fdguqcjflhdnvxhhnwyjiswrldxg/Build/Products/Debug/include -Xcc -I/Users/sunmarke/Library/Developer/Xcode/DerivedData/CleanMe-fdguqcjflhdnvxhhnwyjiswrldxg/Build/Intermediates.noindex/CleanME.build/Debug/CleanME-3123379DC20F7F7C-testable.build/DerivedSources-normal/arm64 -Xcc -I/Users/sunmarke/Library/Developer/Xcode/DerivedData/CleanMe-fdguqcjflhdnvxhhnwyjiswrldxg/Build/Intermediates.noindex/CleanME.build/Debug/CleanME-3123379DC20F7F7C-testable.build/DerivedSources/arm64 -Xcc -I/Users/sunmarke/Library/Developer/Xcode/DerivedData/CleanMe-fdguqcjflhdnvxhhnwyjiswrldxg/Build/Intermediates.noindex/CleanME.build/Debug/CleanME-3123379DC20F7F7C-testable.build/DerivedSources -Xcc -DSWIFT_PACKAGE -Xcc -DDEBUG\=1 -emit-objc-header -emit-objc-header-path /Users/sunmarke/Library/Developer/Xcode/DerivedData/CleanMe-fdguqcjflhdnvxhhnwyjiswrldxg/Build/Intermediates.noindex/CleanME.build/Debug/CleanME-3123379DC20F7F7C-testable.build/Objects-normal/arm64/CleanME-Swift.h -working-directory /Users/sunmarke/Desktop/CleanMe/.swiftpm/xcode -experimental-emit-module-separately -disable-cmo

SwiftEmitModule normal arm64 Emitting\ module\ for\ CleanME (in target 'CleanME' from project 'CleanME')

EmitSwiftModule normal arm64 (in target 'CleanME' from project 'CleanME')
    cd /Users/sunmarke/Desktop/CleanMe/.swiftpm/xcode
    

SwiftCompile normal arm64 Compiling\ ResultsView.swift /Users/sunmarke/Desktop/CleanMe/Sources/CleanME/Views/ResultsView.swift (in target 'CleanME' from project 'CleanME')
SwiftCompile normal arm64 /Users/sunmarke/Desktop/CleanMe/Sources/CleanME/Views/ResultsView.swift (in target 'CleanME' from project 'CleanME')
    cd /Users/sunmarke/Desktop/CleanMe/.swiftpm/xcode
    

SwiftEmitModule normal arm64 Emitting\ module\ for\ CleanME (in target 'CleanME' from project 'CleanME')

EmitSwiftModule normal arm64 (in target 'CleanME' from project 'CleanME')
    cd /Users/sunmarke/Desktop/CleanMe/.swiftpm/xcode
    

SwiftCompile normal arm64 Compiling\ ScanEngine.swift /Users/sunmarke/Desktop/CleanMe/Sources/CleanME/Services/ScanEngine.swift (in target 'CleanME' from project 'CleanME')

SwiftCompile normal arm64 /Users/sunmarke/Desktop/CleanMe/Sources/CleanME/Services/ScanEngine.swift (in target 'CleanME' from project 'CleanME')
    cd /Users/sunmarke/Desktop/CleanMe/.swiftpm/xcode
    

SwiftCompile normal arm64 Compiling\ ScanEngine.swift /Users/sunmarke/Desktop/CleanMe/Sources/CleanME/Services/ScanEngine.swift (in target 'CleanME' from project 'CleanME')

SwiftCompile normal arm64 /Users/sunmarke/Desktop/CleanMe/Sources/CleanME/Services/ScanEngine.swift (in target 'CleanME' from project 'CleanME')
    cd /Users/sunmarke/Desktop/CleanMe/.swiftpm/xcode
    

SwiftDriverJobDiscovery normal arm64 Emitting module for CleanME (in target 'CleanME' from project 'CleanME')

SwiftDriver\ Compilation\ Requirements CleanME normal arm64 com.apple.xcode.tools.swift.compiler (in target 'CleanME' from project 'CleanME')
    cd /Users/sunmarke/Desktop/CleanMe/.swiftpm/xcode
    builtin-Swift-Compilation-Requirements -- /Applications/Xcode.app/Contents/Developer/Toolchains/XcodeDefault.xctoolchain/usr/bin/swiftc -module-name CleanME -Onone -enforce-exclusivity\=checked @/Users/sunmarke/Library/Developer/Xcode/DerivedData/CleanMe-fdguqcjflhdnvxhhnwyjiswrldxg/Build/Intermediates.noindex/CleanME.build/Debug/CleanME.build/Objects-normal/arm64/CleanME.SwiftFileList -DSWIFT_PACKAGE -DDEBUG -DSWIFT_MODULE_RESOURCE_BUNDLE_AVAILABLE -DXcode -Xfrontend -enable-upcoming-feature -Xfrontend BareSlashRegexLiterals -plugin-path /Applications/Xcode.app/Contents/Developer/Toolchains/XcodeDefault.xctoolchain/usr/lib/swift/host/plugins/testing -enable-experimental-feature DebugDescriptionMacro -sdk /Applications/Xcode.app/Contents/Developer/Platforms/MacOSX.platform/Developer/SDKs/MacOSX26.1.sdk -target arm64-apple-macos12.0 -g -module-cache-path /Users/sunmarke/Library/Developer/Xcode/DerivedData/ModuleCache.noindex -Xfrontend -serialize-debugging-options -profile-coverage-mapping -profile-generate -enable-testing -index-store-path /Users/sunmarke/Library/Developer/Xcode/DerivedData/CleanMe-fdguqcjflhdnvxhhnwyjiswrldxg/Index.noindex/DataStore -Xcc -D_LIBCPP_HARDENING_MODE\=_LIBCPP_HARDENING_MODE_DEBUG -swift-version 5 -I /Users/sunmarke/Library/Developer/Xcode/DerivedData/CleanMe-fdguqcjflhdnvxhhnwyjiswrldxg/Build/Products/Debug -Isystem /Applications/Xcode.app/Contents/Developer/Platforms/MacOSX.platform/Developer/usr/lib -F /Users/sunmarke/Library/Developer/Xcode/DerivedData/CleanMe-fdguqcjflhdnvxhhnwyjiswrldxg/Build/Products/Debug -F /Applications/Xcode.app/Contents/Developer/Platforms/MacOSX.platform/Developer/Library/Frameworks -c -j8 -enable-batch-mode -incremental -Xcc -ivfsstatcache -Xcc /Users/sunmarke/Library/Developer/Xcode/DerivedData/SDKStatCaches.noindex/macosx26.1-25B74-3ae1261907bdadc328169391a47051a6.sdkstatcache -output-file-map /Users/sunmarke/Library/Developer/Xcode/DerivedData/CleanMe-fdguqcjflhdnvxhhnwyjiswrldxg/Build/Intermediates.noindex/CleanME.build/Debug/CleanME.build/Objects-normal/arm64/CleanME-OutputFileMap.json -use-frontend-parseable-output -save-temps -no-color-diagnostics -explicit-module-build -module-cache-path /Users/sunmarke/Library/Developer/Xcode/DerivedData/CleanMe-fdguqcjflhdnvxhhnwyjiswrldxg/Build/Intermediates.noindex/SwiftExplicitPrecompiledModules -clang-scanner-module-cache-path /Users/sunmarke/Library/Developer/Xcode/DerivedData/ModuleCache.noindex -sdk-module-cache-path /Users/sunmarke/Library/Developer/Xcode/DerivedData/ModuleCache.noindex -serialize-diagnostics -emit-dependencies -emit-module -emit-module-path /Users/sunmarke/Library/Developer/Xcode/DerivedData/CleanMe-fdguqcjflhdnvxhhnwyjiswrldxg/Build/Intermediates.noindex/CleanME.build/Debug/CleanME.build/Objects-normal/arm64/CleanME.swiftmodule -validate-clang-modules-once -clang-build-session-file /Users/sunmarke/Library/Developer/Xcode/DerivedData/ModuleCache.noindex/Session.modulevalidation -package-name cleanme -emit-const-values -Xfrontend -const-gather-protocols-file -Xfrontend /Users/sunmarke/Library/Developer/Xcode/DerivedData/CleanMe-fdguqcjflhdnvxhhnwyjiswrldxg/Build/Intermediates.noindex/CleanME.build/Debug/CleanME.build/Objects-normal/arm64/CleanME_const_extract_protocols.json -Xcc -I/Users/sunmarke/Library/Developer/Xcode/DerivedData/CleanMe-fdguqcjflhdnvxhhnwyjiswrldxg/Build/Products/Debug/include -Xcc -I/Users/sunmarke/Library/Developer/Xcode/DerivedData/CleanMe-fdguqcjflhdnvxhhnwyjiswrldxg/Build/Intermediates.noindex/CleanME.build/Debug/CleanME.build/DerivedSources-normal/arm64 -Xcc -I/Users/sunmarke/Library/Developer/Xcode/DerivedData/CleanMe-fdguqcjflhdnvxhhnwyjiswrldxg/Build/Intermediates.noindex/CleanME.build/Debug/CleanME.build/DerivedSources/arm64 -Xcc -I/Users/sunmarke/Library/Developer/Xcode/DerivedData/CleanMe-fdguqcjflhdnvxhhnwyjiswrldxg/Build/Intermediates.noindex/CleanME.build/Debug/CleanME.build/DerivedSources -Xcc -DSWIFT_PACKAGE -Xcc -DDEBUG\=1 -working-directory /Users/sunmarke/Desktop/CleanMe/.swiftpm/xcode -experimental-emit-module-separately -disable-cmo

SwiftDriverJobDiscovery normal arm64 Emitting module for CleanME (in target 'CleanME' from project 'CleanME')

SwiftDriver\ Compilation\ Requirements CleanME-3123379DC20F7F7C-testable normal arm64 com.apple.xcode.tools.swift.compiler (in target 'CleanME' from project 'CleanME')
    cd /Users/sunmarke/Desktop/CleanMe/.swiftpm/xcode
    builtin-Swift-Compilation-Requirements -- /Applications/Xcode.app/Contents/Developer/Toolchains/XcodeDefault.xctoolchain/usr/bin/swiftc -module-name CleanME -Onone -enforce-exclusivity\=checked @/Users/sunmarke/Library/Developer/Xcode/DerivedData/CleanMe-fdguqcjflhdnvxhhnwyjiswrldxg/Build/Intermediates.noindex/CleanME.build/Debug/CleanME-3123379DC20F7F7C-testable.build/Objects-normal/arm64/CleanME-3123379DC20F7F7C-testable.SwiftFileList -DSWIFT_PACKAGE -DDEBUG -DSWIFT_MODULE_RESOURCE_BUNDLE_AVAILABLE -DXcode -Xfrontend -entry-point-function-name -Xfrontend CleanME_main -Xfrontend -enable-upcoming-feature -Xfrontend BareSlashRegexLiterals -plugin-path /Applications/Xcode.app/Contents/Developer/Toolchains/XcodeDefault.xctoolchain/usr/lib/swift/host/plugins/testing -enable-experimental-feature DebugDescriptionMacro -sdk /Applications/Xcode.app/Contents/Developer/Platforms/MacOSX.platform/Developer/SDKs/MacOSX26.1.sdk -target arm64-apple-macos12.0 -g -module-cache-path /Users/sunmarke/Library/Developer/Xcode/DerivedData/ModuleCache.noindex -Xfrontend -serialize-debugging-options -profile-coverage-mapping -profile-generate -enable-testing -index-store-path /Users/sunmarke/Library/Developer/Xcode/DerivedData/CleanMe-fdguqcjflhdnvxhhnwyjiswrldxg/Index.noindex/DataStore -Xcc -D_LIBCPP_HARDENING_MODE\=_LIBCPP_HARDENING_MODE_DEBUG -swift-version 5 -I /Users/sunmarke/Library/Developer/Xcode/DerivedData/CleanMe-fdguqcjflhdnvxhhnwyjiswrldxg/Build/Products/Debug -Isystem /Applications/Xcode.app/Contents/Developer/Platforms/MacOSX.platform/Developer/usr/lib -F /Users/sunmarke/Library/Developer/Xcode/DerivedData/CleanMe-fdguqcjflhdnvxhhnwyjiswrldxg/Build/Products/Debug -F /Applications/Xcode.app/Contents/Developer/Platforms/MacOSX.platform/Developer/Library/Frameworks -c -j8 -enable-batch-mode -incremental -Xcc -ivfsstatcache -Xcc /Users/sunmarke/Library/Developer/Xcode/DerivedData/SDKStatCaches.noindex/macosx26.1-25B74-3ae1261907bdadc328169391a47051a6.sdkstatcache -output-file-map /Users/sunmarke/Library/Developer/Xcode/DerivedData/CleanMe-fdguqcjflhdnvxhhnwyjiswrldxg/Build/Intermediates.noindex/CleanME.build/Debug/CleanME-3123379DC20F7F7C-testable.build/Objects-normal/arm64/CleanME-3123379DC20F7F7C-testable-OutputFileMap.json -use-frontend-parseable-output -save-temps -no-color-diagnostics -explicit-module-build -module-cache-path /Users/sunmarke/Library/Developer/Xcode/DerivedData/CleanMe-fdguqcjflhdnvxhhnwyjiswrldxg/Build/Intermediates.noindex/SwiftExplicitPrecompiledModules -clang-scanner-module-cache-path /Users/sunmarke/Library/Developer/Xcode/DerivedData/ModuleCache.noindex -sdk-module-cache-path /Users/sunmarke/Library/Developer/Xcode/DerivedData/ModuleCache.noindex -serialize-diagnostics -emit-dependencies -emit-module -emit-module-path /Users/sunmarke/Library/Developer/Xcode/DerivedData/CleanMe-fdguqcjflhdnvxhhnwyjiswrldxg/Build/Intermediates.noindex/CleanME.build/Debug/CleanME-3123379DC20F7F7C-testable.build/Objects-normal/arm64/CleanME.swiftmodule -validate-clang-modules-once -clang-build-session-file /Users/sunmarke/Library/Developer/Xcode/DerivedData/ModuleCache.noindex/Session.modulevalidation -package-name cleanme -Xcc -I/Users/sunmarke/Library/Developer/Xcode/DerivedData/CleanMe-fdguqcjflhdnvxhhnwyjiswrldxg/Build/Intermediates.noindex/CleanME.build/Debug/CleanME-3123379DC20F7F7C-testable.build/swift-overrides.hmap -emit-const-values -Xfrontend -const-gather-protocols-file -Xfrontend /Users/sunmarke/Library/Developer/Xcode/DerivedData/CleanMe-fdguqcjflhdnvxhhnwyjiswrldxg/Build/Intermediates.noindex/CleanME.build/Debug/CleanME-3123379DC20F7F7C-testable.build/Objects-normal/arm64/CleanME-3123379DC20F7F7C-testable_const_extract_protocols.json -Xcc -I/Users/sunmarke/Library/Developer/Xcode/DerivedData/CleanMe-fdguqcjflhdnvxhhnwyjiswrldxg/Build/Products/Debug/include -Xcc -I/Users/sunmarke/Library/Developer/Xcode/DerivedData/CleanMe-fdguqcjflhdnvxhhnwyjiswrldxg/Build/Intermediates.noindex/CleanME.build/Debug/CleanME-3123379DC20F7F7C-testable.build/DerivedSources-normal/arm64 -Xcc -I/Users/sunmarke/Library/Developer/Xcode/DerivedData/CleanMe-fdguqcjflhdnvxhhnwyjiswrldxg/Build/Intermediates.noindex/CleanME.build/Debug/CleanME-3123379DC20F7F7C-testable.build/DerivedSources/arm64 -Xcc -I/Users/sunmarke/Library/Developer/Xcode/DerivedData/CleanMe-fdguqcjflhdnvxhhnwyjiswrldxg/Build/Intermediates.noindex/CleanME.build/Debug/CleanME-3123379DC20F7F7C-testable.build/DerivedSources -Xcc -DSWIFT_PACKAGE -Xcc -DDEBUG\=1 -emit-objc-header -emit-objc-header-path /Users/sunmarke/Library/Developer/Xcode/DerivedData/CleanMe-fdguqcjflhdnvxhhnwyjiswrldxg/Build/Intermediates.noindex/CleanME.build/Debug/CleanME-3123379DC20F7F7C-testable.build/Objects-normal/arm64/CleanME-Swift.h -working-directory /Users/sunmarke/Desktop/CleanMe/.swiftpm/xcode -experimental-emit-module-separately -disable-cmo

Copy /Users/sunmarke/Library/Developer/Xcode/DerivedData/CleanMe-fdguqcjflhdnvxhhnwyjiswrldxg/Build/Products/Debug/CleanME.swiftmodule/Project/arm64-apple-macos.swiftsourceinfo /Users/sunmarke/Library/Developer/Xcode/DerivedData/CleanMe-fdguqcjflhdnvxhhnwyjiswrldxg/Build/Intermediates.noindex/CleanME.build/Debug/CleanME.build/Objects-normal/arm64/CleanME.swiftsourceinfo (in target 'CleanME' from project 'CleanME')
    cd /Users/sunmarke/Desktop/CleanMe
    builtin-copy -exclude .DS_Store -exclude CVS -exclude .svn -exclude .git -exclude .hg -resolve-src-symlinks -rename /Users/sunmarke/Library/Developer/Xcode/DerivedData/CleanMe-fdguqcjflhdnvxhhnwyjiswrldxg/Build/Intermediates.noindex/CleanME.build/Debug/CleanME.build/Objects-normal/arm64/CleanME.swiftsourceinfo /Users/sunmarke/Library/Developer/Xcode/DerivedData/CleanMe-fdguqcjflhdnvxhhnwyjiswrldxg/Build/Products/Debug/CleanME.swiftmodule/Project/arm64-apple-macos.swiftsourceinfo

Copy /Users/sunmarke/Library/Developer/Xcode/DerivedData/CleanMe-fdguqcjflhdnvxhhnwyjiswrldxg/Build/Products/Debug/CleanME.swiftmodule/arm64-apple-macos.abi.json /Users/sunmarke/Library/Developer/Xcode/DerivedData/CleanMe-fdguqcjflhdnvxhhnwyjiswrldxg/Build/Intermediates.noindex/CleanME.build/Debug/CleanME.build/Objects-normal/arm64/CleanME.abi.json (in target 'CleanME' from project 'CleanME')
    cd /Users/sunmarke/Desktop/CleanMe
    builtin-copy -exclude .DS_Store -exclude CVS -exclude .svn -exclude .git -exclude .hg -resolve-src-symlinks -rename /Users/sunmarke/Library/Developer/Xcode/DerivedData/CleanMe-fdguqcjflhdnvxhhnwyjiswrldxg/Build/Intermediates.noindex/CleanME.build/Debug/CleanME.build/Objects-normal/arm64/CleanME.abi.json /Users/sunmarke/Library/Developer/Xcode/DerivedData/CleanMe-fdguqcjflhdnvxhhnwyjiswrldxg/Build/Products/Debug/CleanME.swiftmodule/arm64-apple-macos.abi.json

Copy /Users/sunmarke/Library/Developer/Xcode/DerivedData/CleanMe-fdguqcjflhdnvxhhnwyjiswrldxg/Build/Products/Debug/CleanME.swiftmodule/arm64-apple-macos.swiftmodule /Users/sunmarke/Library/Developer/Xcode/DerivedData/CleanMe-fdguqcjflhdnvxhhnwyjiswrldxg/Build/Intermediates.noindex/CleanME.build/Debug/CleanME.build/Objects-normal/arm64/CleanME.swiftmodule (in target 'CleanME' from project 'CleanME')
    cd /Users/sunmarke/Desktop/CleanMe
    builtin-copy -exclude .DS_Store -exclude CVS -exclude .svn -exclude .git -exclude .hg -resolve-src-symlinks -rename /Users/sunmarke/Library/Developer/Xcode/DerivedData/CleanMe-fdguqcjflhdnvxhhnwyjiswrldxg/Build/Intermediates.noindex/CleanME.build/Debug/CleanME.build/Objects-normal/arm64/CleanME.swiftmodule /Users/sunmarke/Library/Developer/Xcode/DerivedData/CleanMe-fdguqcjflhdnvxhhnwyjiswrldxg/Build/Products/Debug/CleanME.swiftmodule/arm64-apple-macos.swiftmodule

SwiftDriver CleanMETests normal arm64 com.apple.xcode.tools.swift.compiler (in target 'CleanMETests' from project 'CleanME')
    cd /Users/sunmarke/Desktop/CleanMe/.swiftpm/xcode
    builtin-SwiftDriver -- /Applications/Xcode.app/Contents/Developer/Toolchains/XcodeDefault.xctoolchain/usr/bin/swiftc -module-name CleanMETests -Onone -enforce-exclusivity\=checked @/Users/sunmarke/Library/Developer/Xcode/DerivedData/CleanMe-fdguqcjflhdnvxhhnwyjiswrldxg/Build/Intermediates.noindex/CleanME.build/Debug/CleanMETests.build/Objects-normal/arm64/CleanMETests.SwiftFileList -DSWIFT_PACKAGE -DDEBUG -DXcode -plugin-path /Applications/Xcode.app/Contents/Developer/Toolchains/XcodeDefault.xctoolchain/usr/lib/swift/host/plugins/testing -enable-experimental-feature DebugDescriptionMacro -sdk /Applications/Xcode.app/Contents/Developer/Platforms/MacOSX.platform/Developer/SDKs/MacOSX26.1.sdk -target arm64-apple-macos14.0 -g -module-cache-path /Users/sunmarke/Library/Developer/Xcode/DerivedData/ModuleCache.noindex -Xfrontend -serialize-debugging-options -profile-coverage-mapping -profile-generate -enable-testing -index-store-path /Users/sunmarke/Library/Developer/Xcode/DerivedData/CleanMe-fdguqcjflhdnvxhhnwyjiswrldxg/Index.noindex/DataStore -Xcc -D_LIBCPP_HARDENING_MODE\=_LIBCPP_HARDENING_MODE_DEBUG -swift-version 5 -I /Users/sunmarke/Library/Developer/Xcode/DerivedData/CleanMe-fdguqcjflhdnvxhhnwyjiswrldxg/Build/Products/Debug -Isystem /Applications/Xcode.app/Contents/Developer/Platforms/MacOSX.platform/Developer/usr/lib -F /Users/sunmarke/Library/Developer/Xcode/DerivedData/CleanMe-fdguqcjflhdnvxhhnwyjiswrldxg/Build/Products/Debug/PackageFrameworks -F /Users/sunmarke/Library/Developer/Xcode/DerivedData/CleanMe-fdguqcjflhdnvxhhnwyjiswrldxg/Build/Products/Debug -F /Applications/Xcode.app/Contents/Developer/Platforms/MacOSX.platform/Developer/Library/Frameworks -c -j8 -enable-batch-mode -incremental -Xcc -ivfsstatcache -Xcc /Users/sunmarke/Library/Developer/Xcode/DerivedData/SDKStatCaches.noindex/macosx26.1-25B74-3ae1261907bdadc328169391a47051a6.sdkstatcache -output-file-map /Users/sunmarke/Library/Developer/Xcode/DerivedData/CleanMe-fdguqcjflhdnvxhhnwyjiswrldxg/Build/Intermediates.noindex/CleanME.build/Debug/CleanMETests.build/Objects-normal/arm64/CleanMETests-OutputFileMap.json -use-frontend-parseable-output -save-temps -no-color-diagnostics -explicit-module-build -module-cache-path /Users/sunmarke/Library/Developer/Xcode/DerivedData/CleanMe-fdguqcjflhdnvxhhnwyjiswrldxg/Build/Intermediates.noindex/SwiftExplicitPrecompiledModules -clang-scanner-module-cache-path /Users/sunmarke/Library/Developer/Xcode/DerivedData/ModuleCache.noindex -sdk-module-cache-path /Users/sunmarke/Library/Developer/Xcode/DerivedData/ModuleCache.noindex -serialize-diagnostics -emit-dependencies -emit-module -emit-module-path /Users/sunmarke/Library/Developer/Xcode/DerivedData/CleanMe-fdguqcjflhdnvxhhnwyjiswrldxg/Build/Intermediates.noindex/CleanME.build/Debug/CleanMETests.build/Objects-normal/arm64/CleanMETests.swiftmodule -validate-clang-modules-once -clang-build-session-file /Users/sunmarke/Library/Developer/Xcode/DerivedData/ModuleCache.noindex/Session.modulevalidation -package-name cleanme -emit-const-values -Xfrontend -const-gather-protocols-file -Xfrontend /Users/sunmarke/Library/Developer/Xcode/DerivedData/CleanMe-fdguqcjflhdnvxhhnwyjiswrldxg/Build/Intermediates.noindex/CleanME.build/Debug/CleanMETests.build/Objects-normal/arm64/CleanMETests_const_extract_protocols.json -Xcc -I/Users/sunmarke/Library/Developer/Xcode/DerivedData/CleanMe-fdguqcjflhdnvxhhnwyjiswrldxg/Build/Products/Debug/include -Xcc -I/Users/sunmarke/Library/Developer/Xcode/DerivedData/CleanMe-fdguqcjflhdnvxhhnwyjiswrldxg/Build/Intermediates.noindex/CleanME.build/Debug/CleanMETests.build/DerivedSources-normal/arm64 -Xcc -I/Users/sunmarke/Library/Developer/Xcode/DerivedData/CleanMe-fdguqcjflhdnvxhhnwyjiswrldxg/Build/Intermediates.noindex/CleanME.build/Debug/CleanMETests.build/DerivedSources/arm64 -Xcc -I/Users/sunmarke/Library/Developer/Xcode/DerivedData/CleanMe-fdguqcjflhdnvxhhnwyjiswrldxg/Build/Intermediates.noindex/CleanME.build/Debug/CleanMETests.build/DerivedSources -Xcc -DSWIFT_PACKAGE -Xcc -DDEBUG\=1 -working-directory /Users/sunmarke/Desktop/CleanMe/.swiftpm/xcode -experimental-emit-module-separately -disable-cmo

SwiftEmitModule normal arm64 Emitting\ module\ for\ CleanMETests (in target 'CleanMETests' from project 'CleanME')

EmitSwiftModule normal arm64 (in target 'CleanMETests' from project 'CleanME')
    cd /Users/sunmarke/Desktop/CleanMe/.swiftpm/xcode
    

SwiftCompile normal arm64 Compiling\ BackendCompletionTests.swift /Users/sunmarke/Desktop/CleanMe/Tests/CleanMETests/BackendCompletionTests.swift (in target 'CleanMETests' from project 'CleanME')

SwiftCompile normal arm64 /Users/sunmarke/Desktop/CleanMe/Tests/CleanMETests/BackendCompletionTests.swift (in target 'CleanMETests' from project 'CleanME')
    cd /Users/sunmarke/Desktop/CleanMe/.swiftpm/xcode
    
/Users/sunmarke/Desktop/CleanMe/Tests/CleanMETests/BackendCompletionTests.swift:134:41: warning: coercion of implicitly unwrappable value of type 'ScanEngine?' to 'Any' does not unwrap optional
        let mirror = Mirror(reflecting: scanEngine)
                                        ^~~~~~~~~~
/Users/sunmarke/Desktop/CleanMe/Tests/CleanMETests/BackendCompletionTests.swift:8:9: note: implicitly unwrapped property 'scanEngine' declared here
    var scanEngine: ScanEngine!
        ^
/Users/sunmarke/Desktop/CleanMe/Tests/CleanMETests/BackendCompletionTests.swift:134:41: note: provide a default value to avoid this warning
        let mirror = Mirror(reflecting: scanEngine)
                                        ^~~~~~~~~~
                                                   ?? <#default value#>
/Users/sunmarke/Desktop/CleanMe/Tests/CleanMETests/BackendCompletionTests.swift:134:41: note: force-unwrap the value to avoid this warning
        let mirror = Mirror(reflecting: scanEngine)
                                        ^~~~~~~~~~
                                                  !
/Users/sunmarke/Desktop/CleanMe/Tests/CleanMETests/BackendCompletionTests.swift:134:41: note: explicitly cast to 'Any' with 'as Any' to silence this warning
        let mirror = Mirror(reflecting: scanEngine)
                                        ^~~~~~~~~~
                                                   as Any
/Users/sunmarke/Desktop/CleanMe/Tests/CleanMETests/BackendCompletionTests.swift:124:13: warning: initialization of immutable value 'testItem' was never used; consider replacing with assignment to '_' or removing it
        let testItem = CleanupItem(
        ~~~~^~~~~~~~
        _
/Users/sunmarke/Desktop/CleanMe/Tests/CleanMETests/BackendCompletionTests.swift:135:13: warning: initialization of immutable value 'hasDeleteMethod' was never used; consider replacing with assignment to '_' or removing it
        let hasDeleteMethod = mirror.children.contains { child in
        ~~~~^~~~~~~~~~~~~~~
        _

SwiftCompile normal arm64 Compiling\ ScanEngineAdvancedTests.swift /Users/sunmarke/Desktop/CleanMe/Tests/CleanMETests/ScanEngineAdvancedTests.swift (in target 'CleanMETests' from project 'CleanME')

SwiftCompile normal arm64 /Users/sunmarke/Desktop/CleanMe/Tests/CleanMETests/ScanEngineAdvancedTests.swift (in target 'CleanMETests' from project 'CleanME')
    cd /Users/sunmarke/Desktop/CleanMe/.swiftpm/xcode
    

SwiftCompile normal arm64 Compiling\ BasicTests.swift /Users/sunmarke/Desktop/CleanMe/Tests/CleanMETests/BasicTests.swift (in target 'CleanMETests' from project 'CleanME')

SwiftCompile normal arm64 /Users/sunmarke/Desktop/CleanMe/Tests/CleanMETests/BasicTests.swift (in target 'CleanMETests' from project 'CleanME')
    cd /Users/sunmarke/Desktop/CleanMe/.swiftpm/xcode
    

SwiftDriverJobDiscovery normal arm64 Compiling ScanEngineAdvancedTests.swift (in target 'CleanMETests' from project 'CleanME')

SwiftDriverJobDiscovery normal arm64 Emitting module for CleanMETests (in target 'CleanMETests' from project 'CleanME')

SwiftDriver\ Compilation\ Requirements CleanMETests normal arm64 com.apple.xcode.tools.swift.compiler (in target 'CleanMETests' from project 'CleanME')
    cd /Users/sunmarke/Desktop/CleanMe/.swiftpm/xcode
    builtin-Swift-Compilation-Requirements -- /Applications/Xcode.app/Contents/Developer/Toolchains/XcodeDefault.xctoolchain/usr/bin/swiftc -module-name CleanMETests -Onone -enforce-exclusivity\=checked @/Users/sunmarke/Library/Developer/Xcode/DerivedData/CleanMe-fdguqcjflhdnvxhhnwyjiswrldxg/Build/Intermediates.noindex/CleanME.build/Debug/CleanMETests.build/Objects-normal/arm64/CleanMETests.SwiftFileList -DSWIFT_PACKAGE -DDEBUG -DXcode -plugin-path /Applications/Xcode.app/Contents/Developer/Toolchains/XcodeDefault.xctoolchain/usr/lib/swift/host/plugins/testing -enable-experimental-feature DebugDescriptionMacro -sdk /Applications/Xcode.app/Contents/Developer/Platforms/MacOSX.platform/Developer/SDKs/MacOSX26.1.sdk -target arm64-apple-macos14.0 -g -module-cache-path /Users/sunmarke/Library/Developer/Xcode/DerivedData/ModuleCache.noindex -Xfrontend -serialize-debugging-options -profile-coverage-mapping -profile-generate -enable-testing -index-store-path /Users/sunmarke/Library/Developer/Xcode/DerivedData/CleanMe-fdguqcjflhdnvxhhnwyjiswrldxg/Index.noindex/DataStore -Xcc -D_LIBCPP_HARDENING_MODE\=_LIBCPP_HARDENING_MODE_DEBUG -swift-version 5 -I /Users/sunmarke/Library/Developer/Xcode/DerivedData/CleanMe-fdguqcjflhdnvxhhnwyjiswrldxg/Build/Products/Debug -Isystem /Applications/Xcode.app/Contents/Developer/Platforms/MacOSX.platform/Developer/usr/lib -F /Users/sunmarke/Library/Developer/Xcode/DerivedData/CleanMe-fdguqcjflhdnvxhhnwyjiswrldxg/Build/Products/Debug/PackageFrameworks -F /Users/sunmarke/Library/Developer/Xcode/DerivedData/CleanMe-fdguqcjflhdnvxhhnwyjiswrldxg/Build/Products/Debug -F /Applications/Xcode.app/Contents/Developer/Platforms/MacOSX.platform/Developer/Library/Frameworks -c -j8 -enable-batch-mode -incremental -Xcc -ivfsstatcache -Xcc /Users/sunmarke/Library/Developer/Xcode/DerivedData/SDKStatCaches.noindex/macosx26.1-25B74-3ae1261907bdadc328169391a47051a6.sdkstatcache -output-file-map /Users/sunmarke/Library/Developer/Xcode/DerivedData/CleanMe-fdguqcjflhdnvxhhnwyjiswrldxg/Build/Intermediates.noindex/CleanME.build/Debug/CleanMETests.build/Objects-normal/arm64/CleanMETests-OutputFileMap.json -use-frontend-parseable-output -save-temps -no-color-diagnostics -explicit-module-build -module-cache-path /Users/sunmarke/Library/Developer/Xcode/DerivedData/CleanMe-fdguqcjflhdnvxhhnwyjiswrldxg/Build/Intermediates.noindex/SwiftExplicitPrecompiledModules -clang-scanner-module-cache-path /Users/sunmarke/Library/Developer/Xcode/DerivedData/ModuleCache.noindex -sdk-module-cache-path /Users/sunmarke/Library/Developer/Xcode/DerivedData/ModuleCache.noindex -serialize-diagnostics -emit-dependencies -emit-module -emit-module-path /Users/sunmarke/Library/Developer/Xcode/DerivedData/CleanMe-fdguqcjflhdnvxhhnwyjiswrldxg/Build/Intermediates.noindex/CleanME.build/Debug/CleanMETests.build/Objects-normal/arm64/CleanMETests.swiftmodule -validate-clang-modules-once -clang-build-session-file /Users/sunmarke/Library/Developer/Xcode/DerivedData/ModuleCache.noindex/Session.modulevalidation -package-name cleanme -emit-const-values -Xfrontend -const-gather-protocols-file -Xfrontend /Users/sunmarke/Library/Developer/Xcode/DerivedData/CleanMe-fdguqcjflhdnvxhhnwyjiswrldxg/Build/Intermediates.noindex/CleanME.build/Debug/CleanMETests.build/Objects-normal/arm64/CleanMETests_const_extract_protocols.json -Xcc -I/Users/sunmarke/Library/Developer/Xcode/DerivedData/CleanMe-fdguqcjflhdnvxhhnwyjiswrldxg/Build/Products/Debug/include -Xcc -I/Users/sunmarke/Library/Developer/Xcode/DerivedData/CleanMe-fdguqcjflhdnvxhhnwyjiswrldxg/Build/Intermediates.noindex/CleanME.build/Debug/CleanMETests.build/DerivedSources-normal/arm64 -Xcc -I/Users/sunmarke/Library/Developer/Xcode/DerivedData/CleanMe-fdguqcjflhdnvxhhnwyjiswrldxg/Build/Intermediates.noindex/CleanME.build/Debug/CleanMETests.build/DerivedSources/arm64 -Xcc -I/Users/sunmarke/Library/Developer/Xcode/DerivedData/CleanMe-fdguqcjflhdnvxhhnwyjiswrldxg/Build/Intermediates.noindex/CleanME.build/Debug/CleanMETests.build/DerivedSources -Xcc -DSWIFT_PACKAGE -Xcc -DDEBUG\=1 -working-directory /Users/sunmarke/Desktop/CleanMe/.swiftpm/xcode -experimental-emit-module-separately -disable-cmo

Copy /Users/sunmarke/Library/Developer/Xcode/DerivedData/CleanMe-fdguqcjflhdnvxhhnwyjiswrldxg/Build/Products/Debug/CleanMETests.swiftmodule/arm64-apple-macos.abi.json /Users/sunmarke/Library/Developer/Xcode/DerivedData/CleanMe-fdguqcjflhdnvxhhnwyjiswrldxg/Build/Intermediates.noindex/CleanME.build/Debug/CleanMETests.build/Objects-normal/arm64/CleanMETests.abi.json (in target 'CleanMETests' from project 'CleanME')
    cd /Users/sunmarke/Desktop/CleanMe
    builtin-copy -exclude .DS_Store -exclude CVS -exclude .svn -exclude .git -exclude .hg -resolve-src-symlinks -rename /Users/sunmarke/Library/Developer/Xcode/DerivedData/CleanMe-fdguqcjflhdnvxhhnwyjiswrldxg/Build/Intermediates.noindex/CleanME.build/Debug/CleanMETests.build/Objects-normal/arm64/CleanMETests.abi.json /Users/sunmarke/Library/Developer/Xcode/DerivedData/CleanMe-fdguqcjflhdnvxhhnwyjiswrldxg/Build/Products/Debug/CleanMETests.swiftmodule/arm64-apple-macos.abi.json

Copy /Users/sunmarke/Library/Developer/Xcode/DerivedData/CleanMe-fdguqcjflhdnvxhhnwyjiswrldxg/Build/Products/Debug/CleanMETests.swiftmodule/Project/arm64-apple-macos.swiftsourceinfo /Users/sunmarke/Library/Developer/Xcode/DerivedData/CleanMe-fdguqcjflhdnvxhhnwyjiswrldxg/Build/Intermediates.noindex/CleanME.build/Debug/CleanMETests.build/Objects-normal/arm64/CleanMETests.swiftsourceinfo (in target 'CleanMETests' from project 'CleanME')
    cd /Users/sunmarke/Desktop/CleanMe
    builtin-copy -exclude .DS_Store -exclude CVS -exclude .svn -exclude .git -exclude .hg -resolve-src-symlinks -rename /Users/sunmarke/Library/Developer/Xcode/DerivedData/CleanMe-fdguqcjflhdnvxhhnwyjiswrldxg/Build/Intermediates.noindex/CleanME.build/Debug/CleanMETests.build/Objects-normal/arm64/CleanMETests.swiftsourceinfo /Users/sunmarke/Library/Developer/Xcode/DerivedData/CleanMe-fdguqcjflhdnvxhhnwyjiswrldxg/Build/Products/Debug/CleanMETests.swiftmodule/Project/arm64-apple-macos.swiftsourceinfo

Copy /Users/sunmarke/Library/Developer/Xcode/DerivedData/CleanMe-fdguqcjflhdnvxhhnwyjiswrldxg/Build/Products/Debug/CleanMETests.swiftmodule/arm64-apple-macos.swiftmodule /Users/sunmarke/Library/Developer/Xcode/DerivedData/CleanMe-fdguqcjflhdnvxhhnwyjiswrldxg/Build/Intermediates.noindex/CleanME.build/Debug/CleanMETests.build/Objects-normal/arm64/CleanMETests.swiftmodule (in target 'CleanMETests' from project 'CleanME')
    cd /Users/sunmarke/Desktop/CleanMe
    builtin-copy -exclude .DS_Store -exclude CVS -exclude .svn -exclude .git -exclude .hg -resolve-src-symlinks -rename /Users/sunmarke/Library/Developer/Xcode/DerivedData/CleanMe-fdguqcjflhdnvxhhnwyjiswrldxg/Build/Intermediates.noindex/CleanME.build/Debug/CleanMETests.build/Objects-normal/arm64/CleanMETests.swiftmodule /Users/sunmarke/Library/Developer/Xcode/DerivedData/CleanMe-fdguqcjflhdnvxhhnwyjiswrldxg/Build/Products/Debug/CleanMETests.swiftmodule/arm64-apple-macos.swiftmodule

SwiftDriverJobDiscovery normal arm64 Compiling ScanEngine.swift (in target 'CleanME' from project 'CleanME')

SwiftDriverJobDiscovery normal arm64 Compiling ScanEngine.swift (in target 'CleanME' from project 'CleanME')

SwiftCompile normal arm64 Compiling\ ContentView.swift /Users/sunmarke/Desktop/CleanMe/Sources/CleanME/App/ContentView.swift (in target 'CleanME' from project 'CleanME')

SwiftCompile normal arm64 /Users/sunmarke/Desktop/CleanMe/Sources/CleanME/App/ContentView.swift (in target 'CleanME' from project 'CleanME')
    cd /Users/sunmarke/Desktop/CleanMe/.swiftpm/xcode
    

SwiftCompile normal arm64 Compiling\ ResultsView.swift /Users/sunmarke/Desktop/CleanMe/Sources/CleanME/Views/ResultsView.swift (in target 'CleanME' from project 'CleanME')
SwiftCompile normal arm64 /Users/sunmarke/Desktop/CleanMe/Sources/CleanME/Views/ResultsView.swift (in target 'CleanME' from project 'CleanME')
    cd /Users/sunmarke/Desktop/CleanMe/.swiftpm/xcode
    

SwiftCompile normal arm64 Compiling\ ScanView.swift /Users/sunmarke/Desktop/CleanMe/Sources/CleanME/Views/ScanView.swift (in target 'CleanME' from project 'CleanME')

SwiftCompile normal arm64 /Users/sunmarke/Desktop/CleanMe/Sources/CleanME/Views/ScanView.swift (in target 'CleanME' from project 'CleanME')
    cd /Users/sunmarke/Desktop/CleanMe/.swiftpm/xcode
    

SwiftCompile normal arm64 Compiling\ CleanMEApp.swift /Users/sunmarke/Desktop/CleanMe/Sources/CleanME/App/CleanMEApp.swift (in target 'CleanME' from project 'CleanME')

SwiftCompile normal arm64 /Users/sunmarke/Desktop/CleanMe/Sources/CleanME/App/CleanMEApp.swift (in target 'CleanME' from project 'CleanME')
    cd /Users/sunmarke/Desktop/CleanMe/.swiftpm/xcode
    

SwiftCompile normal arm64 Compiling\ CleanMEApp.swift /Users/sunmarke/Desktop/CleanMe/Sources/CleanME/App/CleanMEApp.swift (in target 'CleanME' from project 'CleanME')

SwiftCompile normal arm64 /Users/sunmarke/Desktop/CleanMe/Sources/CleanME/App/CleanMEApp.swift (in target 'CleanME' from project 'CleanME')
    cd /Users/sunmarke/Desktop/CleanMe/.swiftpm/xcode
    

SwiftCompile normal arm64 Compiling\ ContentView.swift /Users/sunmarke/Desktop/CleanMe/Sources/CleanME/App/ContentView.swift (in target 'CleanME' from project 'CleanME')

SwiftCompile normal arm64 /Users/sunmarke/Desktop/CleanMe/Sources/CleanME/App/ContentView.swift (in target 'CleanME' from project 'CleanME')
    cd /Users/sunmarke/Desktop/CleanMe/.swiftpm/xcode
    

SwiftDriverJobDiscovery normal arm64 Compiling BasicTests.swift (in target 'CleanMETests' from project 'CleanME')

SwiftCompile normal arm64 Compiling\ ScanView.swift /Users/sunmarke/Desktop/CleanMe/Sources/CleanME/Views/ScanView.swift (in target 'CleanME' from project 'CleanME')

SwiftCompile normal arm64 /Users/sunmarke/Desktop/CleanMe/Sources/CleanME/Views/ScanView.swift (in target 'CleanME' from project 'CleanME')
    cd /Users/sunmarke/Desktop/CleanMe/.swiftpm/xcode
    

SwiftDriverJobDiscovery normal arm64 Compiling CleanMEApp.swift (in target 'CleanME' from project 'CleanME')

SwiftDriverJobDiscovery normal arm64 Compiling CleanMEApp.swift (in target 'CleanME' from project 'CleanME')

SwiftDriverJobDiscovery normal arm64 Compiling BackendCompletionTests.swift (in target 'CleanMETests' from project 'CleanME')

SwiftDriver\ Compilation CleanMETests normal arm64 com.apple.xcode.tools.swift.compiler (in target 'CleanMETests' from project 'CleanME')
    cd /Users/sunmarke/Desktop/CleanMe/.swiftpm/xcode
    builtin-Swift-Compilation -- /Applications/Xcode.app/Contents/Developer/Toolchains/XcodeDefault.xctoolchain/usr/bin/swiftc -module-name CleanMETests -Onone -enforce-exclusivity\=checked @/Users/sunmarke/Library/Developer/Xcode/DerivedData/CleanMe-fdguqcjflhdnvxhhnwyjiswrldxg/Build/Intermediates.noindex/CleanME.build/Debug/CleanMETests.build/Objects-normal/arm64/CleanMETests.SwiftFileList -DSWIFT_PACKAGE -DDEBUG -DXcode -plugin-path /Applications/Xcode.app/Contents/Developer/Toolchains/XcodeDefault.xctoolchain/usr/lib/swift/host/plugins/testing -enable-experimental-feature DebugDescriptionMacro -sdk /Applications/Xcode.app/Contents/Developer/Platforms/MacOSX.platform/Developer/SDKs/MacOSX26.1.sdk -target arm64-apple-macos14.0 -g -module-cache-path /Users/sunmarke/Library/Developer/Xcode/DerivedData/ModuleCache.noindex -Xfrontend -serialize-debugging-options -profile-coverage-mapping -profile-generate -enable-testing -index-store-path /Users/sunmarke/Library/Developer/Xcode/DerivedData/CleanMe-fdguqcjflhdnvxhhnwyjiswrldxg/Index.noindex/DataStore -Xcc -D_LIBCPP_HARDENING_MODE\=_LIBCPP_HARDENING_MODE_DEBUG -swift-version 5 -I /Users/sunmarke/Library/Developer/Xcode/DerivedData/CleanMe-fdguqcjflhdnvxhhnwyjiswrldxg/Build/Products/Debug -Isystem /Applications/Xcode.app/Contents/Developer/Platforms/MacOSX.platform/Developer/usr/lib -F /Users/sunmarke/Library/Developer/Xcode/DerivedData/CleanMe-fdguqcjflhdnvxhhnwyjiswrldxg/Build/Products/Debug/PackageFrameworks -F /Users/sunmarke/Library/Developer/Xcode/DerivedData/CleanMe-fdguqcjflhdnvxhhnwyjiswrldxg/Build/Products/Debug -F /Applications/Xcode.app/Contents/Developer/Platforms/MacOSX.platform/Developer/Library/Frameworks -c -j8 -enable-batch-mode -incremental -Xcc -ivfsstatcache -Xcc /Users/sunmarke/Library/Developer/Xcode/DerivedData/SDKStatCaches.noindex/macosx26.1-25B74-3ae1261907bdadc328169391a47051a6.sdkstatcache -output-file-map /Users/sunmarke/Library/Developer/Xcode/DerivedData/CleanMe-fdguqcjflhdnvxhhnwyjiswrldxg/Build/Intermediates.noindex/CleanME.build/Debug/CleanMETests.build/Objects-normal/arm64/CleanMETests-OutputFileMap.json -use-frontend-parseable-output -save-temps -no-color-diagnostics -explicit-module-build -module-cache-path /Users/sunmarke/Library/Developer/Xcode/DerivedData/CleanMe-fdguqcjflhdnvxhhnwyjiswrldxg/Build/Intermediates.noindex/SwiftExplicitPrecompiledModules -clang-scanner-module-cache-path /Users/sunmarke/Library/Developer/Xcode/DerivedData/ModuleCache.noindex -sdk-module-cache-path /Users/sunmarke/Library/Developer/Xcode/DerivedData/ModuleCache.noindex -serialize-diagnostics -emit-dependencies -emit-module -emit-module-path /Users/sunmarke/Library/Developer/Xcode/DerivedData/CleanMe-fdguqcjflhdnvxhhnwyjiswrldxg/Build/Intermediates.noindex/CleanME.build/Debug/CleanMETests.build/Objects-normal/arm64/CleanMETests.swiftmodule -validate-clang-modules-once -clang-build-session-file /Users/sunmarke/Library/Developer/Xcode/DerivedData/ModuleCache.noindex/Session.modulevalidation -package-name cleanme -emit-const-values -Xfrontend -const-gather-protocols-file -Xfrontend /Users/sunmarke/Library/Developer/Xcode/DerivedData/CleanMe-fdguqcjflhdnvxhhnwyjiswrldxg/Build/Intermediates.noindex/CleanME.build/Debug/CleanMETests.build/Objects-normal/arm64/CleanMETests_const_extract_protocols.json -Xcc -I/Users/sunmarke/Library/Developer/Xcode/DerivedData/CleanMe-fdguqcjflhdnvxhhnwyjiswrldxg/Build/Products/Debug/include -Xcc -I/Users/sunmarke/Library/Developer/Xcode/DerivedData/CleanMe-fdguqcjflhdnvxhhnwyjiswrldxg/Build/Intermediates.noindex/CleanME.build/Debug/CleanMETests.build/DerivedSources-normal/arm64 -Xcc -I/Users/sunmarke/Library/Developer/Xcode/DerivedData/CleanMe-fdguqcjflhdnvxhhnwyjiswrldxg/Build/Intermediates.noindex/CleanME.build/Debug/CleanMETests.build/DerivedSources/arm64 -Xcc -I/Users/sunmarke/Library/Developer/Xcode/DerivedData/CleanMe-fdguqcjflhdnvxhhnwyjiswrldxg/Build/Intermediates.noindex/CleanME.build/Debug/CleanMETests.build/DerivedSources -Xcc -DSWIFT_PACKAGE -Xcc -DDEBUG\=1 -working-directory /Users/sunmarke/Desktop/CleanMe/.swiftpm/xcode -experimental-emit-module-separately -disable-cmo

SwiftDriverJobDiscovery normal arm64 Compiling ContentView.swift (in target 'CleanME' from project 'CleanME')

SwiftDriverJobDiscovery normal arm64 Compiling ContentView.swift (in target 'CleanME' from project 'CleanME')

SwiftDriverJobDiscovery normal arm64 Compiling ResultsView.swift (in target 'CleanME' from project 'CleanME')

SwiftDriverJobDiscovery normal arm64 Compiling ScanView.swift (in target 'CleanME' from project 'CleanME')

SwiftDriverJobDiscovery normal arm64 Compiling ScanView.swift (in target 'CleanME' from project 'CleanME')

SwiftDriver\ Compilation CleanME normal arm64 com.apple.xcode.tools.swift.compiler (in target 'CleanME' from project 'CleanME')
    cd /Users/sunmarke/Desktop/CleanMe/.swiftpm/xcode
    builtin-Swift-Compilation -- /Applications/Xcode.app/Contents/Developer/Toolchains/XcodeDefault.xctoolchain/usr/bin/swiftc -module-name CleanME -Onone -enforce-exclusivity\=checked @/Users/sunmarke/Library/Developer/Xcode/DerivedData/CleanMe-fdguqcjflhdnvxhhnwyjiswrldxg/Build/Intermediates.noindex/CleanME.build/Debug/CleanME.build/Objects-normal/arm64/CleanME.SwiftFileList -DSWIFT_PACKAGE -DDEBUG -DSWIFT_MODULE_RESOURCE_BUNDLE_AVAILABLE -DXcode -Xfrontend -enable-upcoming-feature -Xfrontend BareSlashRegexLiterals -plugin-path /Applications/Xcode.app/Contents/Developer/Toolchains/XcodeDefault.xctoolchain/usr/lib/swift/host/plugins/testing -enable-experimental-feature DebugDescriptionMacro -sdk /Applications/Xcode.app/Contents/Developer/Platforms/MacOSX.platform/Developer/SDKs/MacOSX26.1.sdk -target arm64-apple-macos12.0 -g -module-cache-path /Users/sunmarke/Library/Developer/Xcode/DerivedData/ModuleCache.noindex -Xfrontend -serialize-debugging-options -profile-coverage-mapping -profile-generate -enable-testing -index-store-path /Users/sunmarke/Library/Developer/Xcode/DerivedData/CleanMe-fdguqcjflhdnvxhhnwyjiswrldxg/Index.noindex/DataStore -Xcc -D_LIBCPP_HARDENING_MODE\=_LIBCPP_HARDENING_MODE_DEBUG -swift-version 5 -I /Users/sunmarke/Library/Developer/Xcode/DerivedData/CleanMe-fdguqcjflhdnvxhhnwyjiswrldxg/Build/Products/Debug -Isystem /Applications/Xcode.app/Contents/Developer/Platforms/MacOSX.platform/Developer/usr/lib -F /Users/sunmarke/Library/Developer/Xcode/DerivedData/CleanMe-fdguqcjflhdnvxhhnwyjiswrldxg/Build/Products/Debug -F /Applications/Xcode.app/Contents/Developer/Platforms/MacOSX.platform/Developer/Library/Frameworks -c -j8 -enable-batch-mode -incremental -Xcc -ivfsstatcache -Xcc /Users/sunmarke/Library/Developer/Xcode/DerivedData/SDKStatCaches.noindex/macosx26.1-25B74-3ae1261907bdadc328169391a47051a6.sdkstatcache -output-file-map /Users/sunmarke/Library/Developer/Xcode/DerivedData/CleanMe-fdguqcjflhdnvxhhnwyjiswrldxg/Build/Intermediates.noindex/CleanME.build/Debug/CleanME.build/Objects-normal/arm64/CleanME-OutputFileMap.json -use-frontend-parseable-output -save-temps -no-color-diagnostics -explicit-module-build -module-cache-path /Users/sunmarke/Library/Developer/Xcode/DerivedData/CleanMe-fdguqcjflhdnvxhhnwyjiswrldxg/Build/Intermediates.noindex/SwiftExplicitPrecompiledModules -clang-scanner-module-cache-path /Users/sunmarke/Library/Developer/Xcode/DerivedData/ModuleCache.noindex -sdk-module-cache-path /Users/sunmarke/Library/Developer/Xcode/DerivedData/ModuleCache.noindex -serialize-diagnostics -emit-dependencies -emit-module -emit-module-path /Users/sunmarke/Library/Developer/Xcode/DerivedData/CleanMe-fdguqcjflhdnvxhhnwyjiswrldxg/Build/Intermediates.noindex/CleanME.build/Debug/CleanME.build/Objects-normal/arm64/CleanME.swiftmodule -validate-clang-modules-once -clang-build-session-file /Users/sunmarke/Library/Developer/Xcode/DerivedData/ModuleCache.noindex/Session.modulevalidation -package-name cleanme -emit-const-values -Xfrontend -const-gather-protocols-file -Xfrontend /Users/sunmarke/Library/Developer/Xcode/DerivedData/CleanMe-fdguqcjflhdnvxhhnwyjiswrldxg/Build/Intermediates.noindex/CleanME.build/Debug/CleanME.build/Objects-normal/arm64/CleanME_const_extract_protocols.json -Xcc -I/Users/sunmarke/Library/Developer/Xcode/DerivedData/CleanMe-fdguqcjflhdnvxhhnwyjiswrldxg/Build/Products/Debug/include -Xcc -I/Users/sunmarke/Library/Developer/Xcode/DerivedData/CleanMe-fdguqcjflhdnvxhhnwyjiswrldxg/Build/Intermediates.noindex/CleanME.build/Debug/CleanME.build/DerivedSources-normal/arm64 -Xcc -I/Users/sunmarke/Library/Developer/Xcode/DerivedData/CleanMe-fdguqcjflhdnvxhhnwyjiswrldxg/Build/Intermediates.noindex/CleanME.build/Debug/CleanME.build/DerivedSources/arm64 -Xcc -I/Users/sunmarke/Library/Developer/Xcode/DerivedData/CleanMe-fdguqcjflhdnvxhhnwyjiswrldxg/Build/Intermediates.noindex/CleanME.build/Debug/CleanME.build/DerivedSources -Xcc -DSWIFT_PACKAGE -Xcc -DDEBUG\=1 -working-directory /Users/sunmarke/Desktop/CleanMe/.swiftpm/xcode -experimental-emit-module-separately -disable-cmo

Ld /Users/sunmarke/Library/Developer/Xcode/DerivedData/CleanMe-fdguqcjflhdnvxhhnwyjiswrldxg/Build/Products/Debug/CleanME normal (in target 'CleanME' from project 'CleanME')
    cd /Users/sunmarke/Desktop/CleanMe
    /Applications/Xcode.app/Contents/Developer/Toolchains/XcodeDefault.xctoolchain/usr/bin/clang -Xlinker -reproducible -target arm64-apple-macos12.0 -isysroot /Applications/Xcode.app/Contents/Developer/Platforms/MacOSX.platform/Developer/SDKs/MacOSX26.1.sdk -O0 -L/Users/sunmarke/Library/Developer/Xcode/DerivedData/CleanMe-fdguqcjflhdnvxhhnwyjiswrldxg/Build/Intermediates.noindex/EagerLinkingTBDs/Debug -L/Users/sunmarke/Library/Developer/Xcode/DerivedData/CleanMe-fdguqcjflhdnvxhhnwyjiswrldxg/Build/Products/Debug -L/Applications/Xcode.app/Contents/Developer/Platforms/MacOSX.platform/Developer/usr/lib -F/Users/sunmarke/Library/Developer/Xcode/DerivedData/CleanMe-fdguqcjflhdnvxhhnwyjiswrldxg/Build/Intermediates.noindex/EagerLinkingTBDs/Debug -F/Users/sunmarke/Library/Developer/Xcode/DerivedData/CleanMe-fdguqcjflhdnvxhhnwyjiswrldxg/Build/Products/Debug -iframework /Applications/Xcode.app/Contents/Developer/Platforms/MacOSX.platform/Developer/Library/Frameworks -filelist /Users/sunmarke/Library/Developer/Xcode/DerivedData/CleanMe-fdguqcjflhdnvxhhnwyjiswrldxg/Build/Intermediates.noindex/CleanME.build/Debug/CleanME.build/Objects-normal/arm64/CleanME.LinkFileList -Xlinker -rpath -Xlinker /usr/lib/swift -Xlinker -rpath -Xlinker @executable_path/../lib -Xlinker -object_path_lto -Xlinker /Users/sunmarke/Library/Developer/Xcode/DerivedData/CleanMe-fdguqcjflhdnvxhhnwyjiswrldxg/Build/Intermediates.noindex/CleanME.build/Debug/CleanME.build/Objects-normal/arm64/CleanME_lto.o -rdynamic -Xlinker -no_deduplicate -Xlinker -debug_variant -Xlinker -dependency_info -Xlinker /Users/sunmarke/Library/Developer/Xcode/DerivedData/CleanMe-fdguqcjflhdnvxhhnwyjiswrldxg/Build/Intermediates.noindex/CleanME.build/Debug/CleanME.build/Objects-normal/arm64/CleanME_dependency_info.dat -fobjc-link-runtime -fprofile-instr-generate -L/Applications/Xcode.app/Contents/Developer/Toolchains/XcodeDefault.xctoolchain/usr/lib/swift/macosx -L/usr/lib/swift -Xlinker -add_ast_path -Xlinker /Users/sunmarke/Library/Developer/Xcode/DerivedData/CleanMe-fdguqcjflhdnvxhhnwyjiswrldxg/Build/Intermediates.noindex/CleanME.build/Debug/CleanME.build/Objects-normal/arm64/CleanME.swiftmodule @/Users/sunmarke/Library/Developer/Xcode/DerivedData/CleanMe-fdguqcjflhdnvxhhnwyjiswrldxg/Build/Intermediates.noindex/CleanME.build/Debug/CleanME.build/Objects-normal/arm64/CleanME-linker-args.resp -framework SwiftUI -framework AppKit -o /Users/sunmarke/Library/Developer/Xcode/DerivedData/CleanMe-fdguqcjflhdnvxhhnwyjiswrldxg/Build/Products/Debug/CleanME

SwiftDriverJobDiscovery normal arm64 Compiling ResultsView.swift (in target 'CleanME' from project 'CleanME')

SwiftDriver\ Compilation CleanME-3123379DC20F7F7C-testable normal arm64 com.apple.xcode.tools.swift.compiler (in target 'CleanME' from project 'CleanME')
    cd /Users/sunmarke/Desktop/CleanMe/.swiftpm/xcode
    builtin-Swift-Compilation -- /Applications/Xcode.app/Contents/Developer/Toolchains/XcodeDefault.xctoolchain/usr/bin/swiftc -module-name CleanME -Onone -enforce-exclusivity\=checked @/Users/sunmarke/Library/Developer/Xcode/DerivedData/CleanMe-fdguqcjflhdnvxhhnwyjiswrldxg/Build/Intermediates.noindex/CleanME.build/Debug/CleanME-3123379DC20F7F7C-testable.build/Objects-normal/arm64/CleanME-3123379DC20F7F7C-testable.SwiftFileList -DSWIFT_PACKAGE -DDEBUG -DSWIFT_MODULE_RESOURCE_BUNDLE_AVAILABLE -DXcode -Xfrontend -entry-point-function-name -Xfrontend CleanME_main -Xfrontend -enable-upcoming-feature -Xfrontend BareSlashRegexLiterals -plugin-path /Applications/Xcode.app/Contents/Developer/Toolchains/XcodeDefault.xctoolchain/usr/lib/swift/host/plugins/testing -enable-experimental-feature DebugDescriptionMacro -sdk /Applications/Xcode.app/Contents/Developer/Platforms/MacOSX.platform/Developer/SDKs/MacOSX26.1.sdk -target arm64-apple-macos12.0 -g -module-cache-path /Users/sunmarke/Library/Developer/Xcode/DerivedData/ModuleCache.noindex -Xfrontend -serialize-debugging-options -profile-coverage-mapping -profile-generate -enable-testing -index-store-path /Users/sunmarke/Library/Developer/Xcode/DerivedData/CleanMe-fdguqcjflhdnvxhhnwyjiswrldxg/Index.noindex/DataStore -Xcc -D_LIBCPP_HARDENING_MODE\=_LIBCPP_HARDENING_MODE_DEBUG -swift-version 5 -I /Users/sunmarke/Library/Developer/Xcode/DerivedData/CleanMe-fdguqcjflhdnvxhhnwyjiswrldxg/Build/Products/Debug -Isystem /Applications/Xcode.app/Contents/Developer/Platforms/MacOSX.platform/Developer/usr/lib -F /Users/sunmarke/Library/Developer/Xcode/DerivedData/CleanMe-fdguqcjflhdnvxhhnwyjiswrldxg/Build/Products/Debug -F /Applications/Xcode.app/Contents/Developer/Platforms/MacOSX.platform/Developer/Library/Frameworks -c -j8 -enable-batch-mode -incremental -Xcc -ivfsstatcache -Xcc /Users/sunmarke/Library/Developer/Xcode/DerivedData/SDKStatCaches.noindex/macosx26.1-25B74-3ae1261907bdadc328169391a47051a6.sdkstatcache -output-file-map /Users/sunmarke/Library/Developer/Xcode/DerivedData/CleanMe-fdguqcjflhdnvxhhnwyjiswrldxg/Build/Intermediates.noindex/CleanME.build/Debug/CleanME-3123379DC20F7F7C-testable.build/Objects-normal/arm64/CleanME-3123379DC20F7F7C-testable-OutputFileMap.json -use-frontend-parseable-output -save-temps -no-color-diagnostics -explicit-module-build -module-cache-path /Users/sunmarke/Library/Developer/Xcode/DerivedData/CleanMe-fdguqcjflhdnvxhhnwyjiswrldxg/Build/Intermediates.noindex/SwiftExplicitPrecompiledModules -clang-scanner-module-cache-path /Users/sunmarke/Library/Developer/Xcode/DerivedData/ModuleCache.noindex -sdk-module-cache-path /Users/sunmarke/Library/Developer/Xcode/DerivedData/ModuleCache.noindex -serialize-diagnostics -emit-dependencies -emit-module -emit-module-path /Users/sunmarke/Library/Developer/Xcode/DerivedData/CleanMe-fdguqcjflhdnvxhhnwyjiswrldxg/Build/Intermediates.noindex/CleanME.build/Debug/CleanME-3123379DC20F7F7C-testable.build/Objects-normal/arm64/CleanME.swiftmodule -validate-clang-modules-once -clang-build-session-file /Users/sunmarke/Library/Developer/Xcode/DerivedData/ModuleCache.noindex/Session.modulevalidation -package-name cleanme -Xcc -I/Users/sunmarke/Library/Developer/Xcode/DerivedData/CleanMe-fdguqcjflhdnvxhhnwyjiswrldxg/Build/Intermediates.noindex/CleanME.build/Debug/CleanME-3123379DC20F7F7C-testable.build/swift-overrides.hmap -emit-const-values -Xfrontend -const-gather-protocols-file -Xfrontend /Users/sunmarke/Library/Developer/Xcode/DerivedData/CleanMe-fdguqcjflhdnvxhhnwyjiswrldxg/Build/Intermediates.noindex/CleanME.build/Debug/CleanME-3123379DC20F7F7C-testable.build/Objects-normal/arm64/CleanME-3123379DC20F7F7C-testable_const_extract_protocols.json -Xcc -I/Users/sunmarke/Library/Developer/Xcode/DerivedData/CleanMe-fdguqcjflhdnvxhhnwyjiswrldxg/Build/Products/Debug/include -Xcc -I/Users/sunmarke/Library/Developer/Xcode/DerivedData/CleanMe-fdguqcjflhdnvxhhnwyjiswrldxg/Build/Intermediates.noindex/CleanME.build/Debug/CleanME-3123379DC20F7F7C-testable.build/DerivedSources-normal/arm64 -Xcc -I/Users/sunmarke/Library/Developer/Xcode/DerivedData/CleanMe-fdguqcjflhdnvxhhnwyjiswrldxg/Build/Intermediates.noindex/CleanME.build/Debug/CleanME-3123379DC20F7F7C-testable.build/DerivedSources/arm64 -Xcc -I/Users/sunmarke/Library/Developer/Xcode/DerivedData/CleanMe-fdguqcjflhdnvxhhnwyjiswrldxg/Build/Intermediates.noindex/CleanME.build/Debug/CleanME-3123379DC20F7F7C-testable.build/DerivedSources -Xcc -DSWIFT_PACKAGE -Xcc -DDEBUG\=1 -emit-objc-header -emit-objc-header-path /Users/sunmarke/Library/Developer/Xcode/DerivedData/CleanMe-fdguqcjflhdnvxhhnwyjiswrldxg/Build/Intermediates.noindex/CleanME.build/Debug/CleanME-3123379DC20F7F7C-testable.build/Objects-normal/arm64/CleanME-Swift.h -working-directory /Users/sunmarke/Desktop/CleanMe/.swiftpm/xcode -experimental-emit-module-separately -disable-cmo

Ld /Users/sunmarke/Library/Developer/Xcode/DerivedData/CleanMe-fdguqcjflhdnvxhhnwyjiswrldxg/Build/Products/Debug/ExecutableModules/CleanME.o normal (in target 'CleanME' from project 'CleanME')
    cd /Users/sunmarke/Desktop/CleanMe
    /Applications/Xcode.app/Contents/Developer/Toolchains/XcodeDefault.xctoolchain/usr/bin/clang -Xlinker -reproducible -target arm64-apple-macos12.0 -r -isysroot /Applications/Xcode.app/Contents/Developer/Platforms/MacOSX.platform/Developer/SDKs/MacOSX26.1.sdk -O0 -L/Users/sunmarke/Library/Developer/Xcode/DerivedData/CleanMe-fdguqcjflhdnvxhhnwyjiswrldxg/Build/Intermediates.noindex/EagerLinkingTBDs/Debug -L/Users/sunmarke/Library/Developer/Xcode/DerivedData/CleanMe-fdguqcjflhdnvxhhnwyjiswrldxg/Build/Products/Debug -L/Applications/Xcode.app/Contents/Developer/Platforms/MacOSX.platform/Developer/usr/lib -F/Users/sunmarke/Library/Developer/Xcode/DerivedData/CleanMe-fdguqcjflhdnvxhhnwyjiswrldxg/Build/Intermediates.noindex/EagerLinkingTBDs/Debug -F/Users/sunmarke/Library/Developer/Xcode/DerivedData/CleanMe-fdguqcjflhdnvxhhnwyjiswrldxg/Build/Products/Debug -iframework /Applications/Xcode.app/Contents/Developer/Platforms/MacOSX.platform/Developer/Library/Frameworks -filelist /Users/sunmarke/Library/Developer/Xcode/DerivedData/CleanMe-fdguqcjflhdnvxhhnwyjiswrldxg/Build/Intermediates.noindex/CleanME.build/Debug/CleanME-3123379DC20F7F7C-testable.build/Objects-normal/arm64/CleanME-3123379DC20F7F7C-testable.LinkFileList -nostdlib -Xlinker -object_path_lto -Xlinker /Users/sunmarke/Library/Developer/Xcode/DerivedData/CleanMe-fdguqcjflhdnvxhhnwyjiswrldxg/Build/Intermediates.noindex/CleanME.build/Debug/CleanME-3123379DC20F7F7C-testable.build/Objects-normal/arm64/CleanME-3123379DC20F7F7C-testable_lto.o -rdynamic -Xlinker -no_deduplicate -Xlinker -debug_variant -Xlinker -dependency_info -Xlinker /Users/sunmarke/Library/Developer/Xcode/DerivedData/CleanMe-fdguqcjflhdnvxhhnwyjiswrldxg/Build/Intermediates.noindex/CleanME.build/Debug/CleanME-3123379DC20F7F7C-testable.build/Objects-normal/arm64/CleanME-3123379DC20F7F7C-testable_dependency_info.dat -fobjc-link-runtime -L/Applications/Xcode.app/Contents/Developer/Toolchains/XcodeDefault.xctoolchain/usr/lib/swift/macosx -L/usr/lib/swift -Xlinker -add_ast_path -Xlinker /Users/sunmarke/Library/Developer/Xcode/DerivedData/CleanMe-fdguqcjflhdnvxhhnwyjiswrldxg/Build/Intermediates.noindex/CleanME.build/Debug/CleanME-3123379DC20F7F7C-testable.build/Objects-normal/arm64/CleanME.swiftmodule @/Users/sunmarke/Library/Developer/Xcode/DerivedData/CleanMe-fdguqcjflhdnvxhhnwyjiswrldxg/Build/Intermediates.noindex/CleanME.build/Debug/CleanME-3123379DC20F7F7C-testable.build/Objects-normal/arm64/CleanME-linker-args.resp -o /Users/sunmarke/Library/Developer/Xcode/DerivedData/CleanMe-fdguqcjflhdnvxhhnwyjiswrldxg/Build/Products/Debug/ExecutableModules/CleanME.o

ExtractAppIntentsMetadata (in target 'CleanME' from project 'CleanME')
    cd /Users/sunmarke/Desktop/CleanMe
    /Applications/Xcode.app/Contents/Developer/Toolchains/XcodeDefault.xctoolchain/usr/bin/appintentsmetadataprocessor --toolchain-dir /Applications/Xcode.app/Contents/Developer/Toolchains/XcodeDefault.xctoolchain --module-name CleanME --sdk-root /Applications/Xcode.app/Contents/Developer/Platforms/MacOSX.platform/Developer/SDKs/MacOSX26.1.sdk --xcode-version 17B55 --platform-family macOS --deployment-target 12.0 --bundle-identifier cleanme.CleanME --output /Users/sunmarke/Library/Developer/Xcode/DerivedData/CleanMe-fdguqcjflhdnvxhhnwyjiswrldxg/Build/Products/Debug/ExecutableModules/CleanME.appintents --target-triple arm64-apple-macos12.0 --binary-file /Users/sunmarke/Library/Developer/Xcode/DerivedData/CleanMe-fdguqcjflhdnvxhhnwyjiswrldxg/Build/Products/Debug/ExecutableModules/CleanME.o --dependency-file /Users/sunmarke/Library/Developer/Xcode/DerivedData/CleanMe-fdguqcjflhdnvxhhnwyjiswrldxg/Build/Intermediates.noindex/CleanME.build/Debug/CleanME-3123379DC20F7F7C-testable.build/Objects-normal/arm64/CleanME-3123379DC20F7F7C-testable_dependency_info.dat --stringsdata-file /Users/sunmarke/Library/Developer/Xcode/DerivedData/CleanMe-fdguqcjflhdnvxhhnwyjiswrldxg/Build/Intermediates.noindex/CleanME.build/Debug/CleanME-3123379DC20F7F7C-testable.build/Objects-normal/arm64/ExtractedAppShortcutsMetadata.stringsdata --source-file-list /Users/sunmarke/Library/Developer/Xcode/DerivedData/CleanMe-fdguqcjflhdnvxhhnwyjiswrldxg/Build/Intermediates.noindex/CleanME.build/Debug/CleanME-3123379DC20F7F7C-testable.build/Objects-normal/arm64/CleanME-3123379DC20F7F7C-testable.SwiftFileList --metadata-file-list /Users/sunmarke/Library/Developer/Xcode/DerivedData/CleanMe-fdguqcjflhdnvxhhnwyjiswrldxg/Build/Intermediates.noindex/CleanME.build/Debug/CleanME-3123379DC20F7F7C-testable.build/CleanME-3123379DC20F7F7C-testable.DependencyMetadataFileList --static-metadata-file-list /Users/sunmarke/Library/Developer/Xcode/DerivedData/CleanMe-fdguqcjflhdnvxhhnwyjiswrldxg/Build/Intermediates.noindex/CleanME.build/Debug/CleanME-3123379DC20F7F7C-testable.build/CleanME-3123379DC20F7F7C-testable.DependencyStaticMetadataFileList --swift-const-vals-list /Users/sunmarke/Library/Developer/Xcode/DerivedData/CleanMe-fdguqcjflhdnvxhhnwyjiswrldxg/Build/Intermediates.noindex/CleanME.build/Debug/CleanME-3123379DC20F7F7C-testable.build/Objects-normal/arm64/CleanME-3123379DC20F7F7C-testable.SwiftConstValuesFileList --force --compile-time-extraction --deployment-aware-processing --validate-assistant-intents --no-app-shortcuts-localization
2025-11-11 20:07:15.511 appintentsmetadataprocessor[26112:1006288] Starting appintentsmetadataprocessor export
2025-11-11 20:07:15.663 appintentsmetadataprocessor[26112:1006288] Extracted no relevant App Intents symbols, skipping writing output

RegisterExecutionPolicyException /Users/sunmarke/Library/Developer/Xcode/DerivedData/CleanMe-fdguqcjflhdnvxhhnwyjiswrldxg/Build/Products/Debug/ExecutableModules/CleanME.o (in target 'CleanME' from project 'CleanME')
    cd /Users/sunmarke/Desktop/CleanMe
    builtin-RegisterExecutionPolicyException /Users/sunmarke/Library/Developer/Xcode/DerivedData/CleanMe-fdguqcjflhdnvxhhnwyjiswrldxg/Build/Products/Debug/ExecutableModules/CleanME.o

RegisterExecutionPolicyException /Users/sunmarke/Library/Developer/Xcode/DerivedData/CleanMe-fdguqcjflhdnvxhhnwyjiswrldxg/Build/Products/Debug/CleanME (in target 'CleanME' from project 'CleanME')
    cd /Users/sunmarke/Desktop/CleanMe
    builtin-RegisterExecutionPolicyException /Users/sunmarke/Library/Developer/Xcode/DerivedData/CleanMe-fdguqcjflhdnvxhhnwyjiswrldxg/Build/Products/Debug/CleanME

Copy /Users/sunmarke/Library/Developer/Xcode/DerivedData/CleanMe-fdguqcjflhdnvxhhnwyjiswrldxg/Build/Products/Debug/CleanMETests.xctest/Contents/Resources/CleanME_CleanME.bundle /Users/sunmarke/Library/Developer/Xcode/DerivedData/CleanMe-fdguqcjflhdnvxhhnwyjiswrldxg/Build/Products/Debug/CleanME_CleanME.bundle (in target 'CleanMETests' from project 'CleanME')
    cd /Users/sunmarke/Desktop/CleanMe
    builtin-copy -exclude .DS_Store -exclude CVS -exclude .svn -exclude .git -exclude .hg -resolve-src-symlinks /Users/sunmarke/Library/Developer/Xcode/DerivedData/CleanMe-fdguqcjflhdnvxhhnwyjiswrldxg/Build/Products/Debug/CleanME_CleanME.bundle /Users/sunmarke/Library/Developer/Xcode/DerivedData/CleanMe-fdguqcjflhdnvxhhnwyjiswrldxg/Build/Products/Debug/CleanMETests.xctest/Contents/Resources

Ld /Users/sunmarke/Library/Developer/Xcode/DerivedData/CleanMe-fdguqcjflhdnvxhhnwyjiswrldxg/Build/Products/Debug/CleanMETests.xctest/Contents/MacOS/CleanMETests normal (in target 'CleanMETests' from project 'CleanME')
    cd /Users/sunmarke/Desktop/CleanMe
    /Applications/Xcode.app/Contents/Developer/Toolchains/XcodeDefault.xctoolchain/usr/bin/clang -Xlinker -reproducible -target arm64-apple-macos14.0 -bundle -isysroot /Applications/Xcode.app/Contents/Developer/Platforms/MacOSX.platform/Developer/SDKs/MacOSX26.1.sdk -O0 -L/Users/sunmarke/Library/Developer/Xcode/DerivedData/CleanMe-fdguqcjflhdnvxhhnwyjiswrldxg/Build/Intermediates.noindex/EagerLinkingTBDs/Debug -L/Users/sunmarke/Library/Developer/Xcode/DerivedData/CleanMe-fdguqcjflhdnvxhhnwyjiswrldxg/Build/Products/Debug -L/Applications/Xcode.app/Contents/Developer/Platforms/MacOSX.platform/Developer/usr/lib -F/Users/sunmarke/Library/Developer/Xcode/DerivedData/CleanMe-fdguqcjflhdnvxhhnwyjiswrldxg/Build/Intermediates.noindex/EagerLinkingTBDs/Debug -F/Users/sunmarke/Library/Developer/Xcode/DerivedData/CleanMe-fdguqcjflhdnvxhhnwyjiswrldxg/Build/Products/Debug/PackageFrameworks -F/Users/sunmarke/Library/Developer/Xcode/DerivedData/CleanMe-fdguqcjflhdnvxhhnwyjiswrldxg/Build/Products/Debug -iframework /Applications/Xcode.app/Contents/Developer/Platforms/MacOSX.platform/Developer/Library/Frameworks -filelist /Users/sunmarke/Library/Developer/Xcode/DerivedData/CleanMe-fdguqcjflhdnvxhhnwyjiswrldxg/Build/Intermediates.noindex/CleanME.build/Debug/CleanMETests.build/Objects-normal/arm64/CleanMETests.LinkFileList -Xlinker -rpath -Xlinker /usr/lib/swift -Xlinker -rpath -Xlinker /Users/sunmarke/Library/Developer/Xcode/DerivedData/CleanMe-fdguqcjflhdnvxhhnwyjiswrldxg/Build/Products/Debug/PackageFrameworks -Xlinker -rpath -Xlinker @loader_path/Frameworks -Xlinker -rpath -Xlinker @loader_path/../Frameworks -Xlinker -object_path_lto -Xlinker /Users/sunmarke/Library/Developer/Xcode/DerivedData/CleanMe-fdguqcjflhdnvxhhnwyjiswrldxg/Build/Intermediates.noindex/CleanME.build/Debug/CleanMETests.build/Objects-normal/arm64/CleanMETests_lto.o -rdynamic -Xlinker -no_deduplicate -Xlinker -debug_variant -Xlinker -dependency_info -Xlinker /Users/sunmarke/Library/Developer/Xcode/DerivedData/CleanMe-fdguqcjflhdnvxhhnwyjiswrldxg/Build/Intermediates.noindex/CleanME.build/Debug/CleanMETests.build/Objects-normal/arm64/CleanMETests_dependency_info.dat -fobjc-link-runtime -fprofile-instr-generate -L/Applications/Xcode.app/Contents/Developer/Toolchains/XcodeDefault.xctoolchain/usr/lib/swift/macosx -L/usr/lib/swift -Xlinker -add_ast_path -Xlinker /Users/sunmarke/Library/Developer/Xcode/DerivedData/CleanMe-fdguqcjflhdnvxhhnwyjiswrldxg/Build/Intermediates.noindex/CleanME.build/Debug/CleanMETests.build/Objects-normal/arm64/CleanMETests.swiftmodule @/Users/sunmarke/Library/Developer/Xcode/DerivedData/CleanMe-fdguqcjflhdnvxhhnwyjiswrldxg/Build/Intermediates.noindex/CleanME.build/Debug/CleanMETests.build/Objects-normal/arm64/CleanMETests-linker-args.resp -Wl,-no_warn_duplicate_libraries -framework SwiftUI -framework AppKit -Xlinker -needed_framework -Xlinker XCTest -framework XCTest -Xlinker -needed-lXCTestSwiftSupport -lXCTestSwiftSupport -o /Users/sunmarke/Library/Developer/Xcode/DerivedData/CleanMe-fdguqcjflhdnvxhhnwyjiswrldxg/Build/Products/Debug/CleanMETests.xctest/Contents/MacOS/CleanMETests -Xlinker -add_ast_path -Xlinker /Users/sunmarke/Library/Developer/Xcode/DerivedData/CleanMe-fdguqcjflhdnvxhhnwyjiswrldxg/Build/Intermediates.noindex/CleanME.build/Debug/CleanME-3123379DC20F7F7C-testable.build/Objects-normal/arm64/CleanME.swiftmodule @/Users/sunmarke/Library/Developer/Xcode/DerivedData/CleanMe-fdguqcjflhdnvxhhnwyjiswrldxg/Build/Intermediates.noindex/CleanME.build/Debug/CleanME-3123379DC20F7F7C-testable.build/Objects-normal/arm64/CleanME-linker-args.resp

ProcessInfoPlistFile /Users/sunmarke/Library/Developer/Xcode/DerivedData/CleanMe-fdguqcjflhdnvxhhnwyjiswrldxg/Build/Products/Debug/CleanMETests.xctest/Contents/Info.plist /Users/sunmarke/Library/Developer/Xcode/DerivedData/CleanMe-fdguqcjflhdnvxhhnwyjiswrldxg/Build/Intermediates.noindex/CleanME.build/Debug/CleanMETests.build/empty-CleanMETests.plist (in target 'CleanMETests' from project 'CleanME')
    cd /Users/sunmarke/Desktop/CleanMe
    builtin-infoPlistUtility /Users/sunmarke/Library/Developer/Xcode/DerivedData/CleanMe-fdguqcjflhdnvxhhnwyjiswrldxg/Build/Intermediates.noindex/CleanME.build/Debug/CleanMETests.build/empty-CleanMETests.plist -producttype com.apple.product-type.bundle.unit-test -expandbuildsettings -platform macosx -scanforprivacyfile /Users/sunmarke/Library/Developer/Xcode/DerivedData/CleanMe-fdguqcjflhdnvxhhnwyjiswrldxg/Build/Products/Debug/CleanMETests.xctest/Contents/Resources/CleanME_CleanME.bundle -o /Users/sunmarke/Library/Developer/Xcode/DerivedData/CleanMe-fdguqcjflhdnvxhhnwyjiswrldxg/Build/Products/Debug/CleanMETests.xctest/Contents/Info.plist

CopySwiftLibs /Users/sunmarke/Library/Developer/Xcode/DerivedData/CleanMe-fdguqcjflhdnvxhhnwyjiswrldxg/Build/Products/Debug/CleanMETests.xctest (in target 'CleanMETests' from project 'CleanME')
    cd /Users/sunmarke/Desktop/CleanMe
    builtin-swiftStdLibTool --copy --verbose --scan-executable /Users/sunmarke/Library/Developer/Xcode/DerivedData/CleanMe-fdguqcjflhdnvxhhnwyjiswrldxg/Build/Products/Debug/CleanMETests.xctest/Contents/MacOS/CleanMETests --scan-folder /Users/sunmarke/Library/Developer/Xcode/DerivedData/CleanMe-fdguqcjflhdnvxhhnwyjiswrldxg/Build/Products/Debug/CleanMETests.xctest/Contents/Frameworks --scan-folder /Users/sunmarke/Library/Developer/Xcode/DerivedData/CleanMe-fdguqcjflhdnvxhhnwyjiswrldxg/Build/Products/Debug/CleanMETests.xctest/Contents/PlugIns --scan-folder /Users/sunmarke/Library/Developer/Xcode/DerivedData/CleanMe-fdguqcjflhdnvxhhnwyjiswrldxg/Build/Products/Debug/CleanMETests.xctest/Contents/Library/SystemExtensions --scan-folder /Users/sunmarke/Library/Developer/Xcode/DerivedData/CleanMe-fdguqcjflhdnvxhhnwyjiswrldxg/Build/Products/Debug/CleanMETests.xctest/Contents/Extensions --platform macosx --toolchain /Applications/Xcode.app/Contents/Developer/Toolchains/XcodeDefault.xctoolchain --destination /Users/sunmarke/Library/Developer/Xcode/DerivedData/CleanMe-fdguqcjflhdnvxhhnwyjiswrldxg/Build/Products/Debug/CleanMETests.xctest/Contents/Frameworks --strip-bitcode --scan-executable /Applications/Xcode.app/Contents/Developer/Platforms/MacOSX.platform/Developer/usr/lib/libXCTestSwiftSupport.dylib --strip-bitcode-tool /Applications/Xcode.app/Contents/Developer/Toolchains/XcodeDefault.xctoolchain/usr/bin/bitcode_strip --emit-dependency-info /Users/sunmarke/Library/Developer/Xcode/DerivedData/CleanMe-fdguqcjflhdnvxhhnwyjiswrldxg/Build/Intermediates.noindex/CleanME.build/Debug/CleanMETests.build/SwiftStdLibToolInputDependencies.dep --filter-for-swift-os --back-deploy-swift-span
Ignoring --strip-bitcode because --sign was not passed

ExtractAppIntentsMetadata (in target 'CleanMETests' from project 'CleanME')
    cd /Users/sunmarke/Desktop/CleanMe
    /Applications/Xcode.app/Contents/Developer/Toolchains/XcodeDefault.xctoolchain/usr/bin/appintentsmetadataprocessor --toolchain-dir /Applications/Xcode.app/Contents/Developer/Toolchains/XcodeDefault.xctoolchain --module-name CleanMETests --sdk-root /Applications/Xcode.app/Contents/Developer/Platforms/MacOSX.platform/Developer/SDKs/MacOSX26.1.sdk --xcode-version 17B55 --platform-family macOS --deployment-target 14.0 --bundle-identifier cleanme.CleanMETests --output /Users/sunmarke/Library/Developer/Xcode/DerivedData/CleanMe-fdguqcjflhdnvxhhnwyjiswrldxg/Build/Products/Debug/CleanMETests.xctest/Contents/Resources --target-triple arm64-apple-macos14.0 --binary-file /Users/sunmarke/Library/Developer/Xcode/DerivedData/CleanMe-fdguqcjflhdnvxhhnwyjiswrldxg/Build/Products/Debug/CleanMETests.xctest/Contents/MacOS/CleanMETests --dependency-file /Users/sunmarke/Library/Developer/Xcode/DerivedData/CleanMe-fdguqcjflhdnvxhhnwyjiswrldxg/Build/Intermediates.noindex/CleanME.build/Debug/CleanMETests.build/Objects-normal/arm64/CleanMETests_dependency_info.dat --stringsdata-file /Users/sunmarke/Library/Developer/Xcode/DerivedData/CleanMe-fdguqcjflhdnvxhhnwyjiswrldxg/Build/Intermediates.noindex/CleanME.build/Debug/CleanMETests.build/Objects-normal/arm64/ExtractedAppShortcutsMetadata.stringsdata --source-file-list /Users/sunmarke/Library/Developer/Xcode/DerivedData/CleanMe-fdguqcjflhdnvxhhnwyjiswrldxg/Build/Intermediates.noindex/CleanME.build/Debug/CleanMETests.build/Objects-normal/arm64/CleanMETests.SwiftFileList --metadata-file-list /Users/sunmarke/Library/Developer/Xcode/DerivedData/CleanMe-fdguqcjflhdnvxhhnwyjiswrldxg/Build/Intermediates.noindex/CleanME.build/Debug/CleanMETests.build/CleanMETests.DependencyMetadataFileList --static-metadata-file-list /Users/sunmarke/Library/Developer/Xcode/DerivedData/CleanMe-fdguqcjflhdnvxhhnwyjiswrldxg/Build/Intermediates.noindex/CleanME.build/Debug/CleanMETests.build/CleanMETests.DependencyStaticMetadataFileList --swift-const-vals-list /Users/sunmarke/Library/Developer/Xcode/DerivedData/CleanMe-fdguqcjflhdnvxhhnwyjiswrldxg/Build/Intermediates.noindex/CleanME.build/Debug/CleanMETests.build/Objects-normal/arm64/CleanMETests.SwiftConstValuesFileList --compile-time-extraction --deployment-aware-processing --validate-assistant-intents --no-app-shortcuts-localization
2025-11-11 20:07:16.090 appintentsmetadataprocessor[26124:1006324] Starting appintentsmetadataprocessor export
2025-11-11 20:07:16.092 appintentsmetadataprocessor[26124:1006324] warning: Metadata extraction skipped. No AppIntents.framework dependency found.

RegisterExecutionPolicyException /Users/sunmarke/Library/Developer/Xcode/DerivedData/CleanMe-fdguqcjflhdnvxhhnwyjiswrldxg/Build/Products/Debug/CleanMETests.xctest (in target 'CleanMETests' from project 'CleanME')
    cd /Users/sunmarke/Desktop/CleanMe
    builtin-RegisterExecutionPolicyException /Users/sunmarke/Library/Developer/Xcode/DerivedData/CleanMe-fdguqcjflhdnvxhhnwyjiswrldxg/Build/Products/Debug/CleanMETests.xctest

Touch /Users/sunmarke/Library/Developer/Xcode/DerivedData/CleanMe-fdguqcjflhdnvxhhnwyjiswrldxg/Build/Products/Debug/CleanMETests.xctest (in target 'CleanMETests' from project 'CleanME')
    cd /Users/sunmarke/Desktop/CleanMe
    /usr/bin/touch -c /Users/sunmarke/Library/Developer/Xcode/DerivedData/CleanMe-fdguqcjflhdnvxhhnwyjiswrldxg/Build/Products/Debug/CleanMETests.xctest

Run post-actions

SchemeAction Run\ Script /var/folders/h6/0qb5csrd3lnf51rpnpmm1j180000gp/T/SchemeScriptAction-e5wWb8.sh
    cd /var/folders/h6/0qb5csrd3lnf51rpnpmm1j180000gp/T/
    export ARCHS="arm64 arm64 arm64 arm64 arm64e arm64e arm64e arm64e x86_64 x86_64 x86_64 x86_64 x86_64h x86_64h x86_64h x86_64h"
    export BUILT_PRODUCTS_DIR=/Users/sunmarke/Library/Developer/Xcode/DerivedData/CleanMe-fdguqcjflhdnvxhhnwyjiswrldxg/Build/Products/Debug
    export CLANG_COVERAGE_MAPPING=YES
    export CLANG_PROFILE_DATA_DIRECTORY=/Users/sunmarke/Library/Developer/Xcode/DerivedData/CleanMe-fdguqcjflhdnvxhhnwyjiswrldxg/Build/ProfileData
    export COLORTERM=truecolor
    export COMMAND_MODE=unix2003
    export CURRENT_PROJECT_VERSION=1
    export DEVELOPER_DIR=/Applications/Xcode.app/Contents/Developer
    export DEVICE_NAME="My Mac"
    export DRIVERKIT_DEPLOYMENT_TARGET=19.0
    export EFFECTIVE_PLATFORM_NAME=
    export ENABLE_BITCODE=NO
    export ENABLE_PREVIEWS=YES
    export FULL_PRODUCT_NAME=CleanME
    export GIT_ASKPASS="/private/var/folders/h6/0qb5csrd3lnf51rpnpmm1j180000gp/T/AppTranslocation/398170E5-16CD-4DDD-A37A-4DCFEB0E6C34/d/Visual Studio Code.app/Contents/Resources/app/extensions/git/dist/askpass.sh"
    export GIT_PAGER=cat
    export HOME=/Users/sunmarke
    export HOMEBREW_CELLAR=/opt/homebrew/Cellar
    export HOMEBREW_PREFIX=/opt/homebrew
    export HOMEBREW_REPOSITORY=/opt/homebrew
    export INFOPATH="/opt/homebrew/share/info:/opt/homebrew/share/info:/opt/homebrew/share/info:/opt/homebrew/share/info:"
    export IPHONEOS_DEPLOYMENT_TARGET=12.0
    export JAVA_HOME="/opt/homebrew/opt/openjdk@17"
    export LANG=C.UTF-8
    export LOGNAME=My
    export MACOSX_DEPLOYMENT_TARGET=12.0
    export MANPATH="/Applications/Xcode.app/Contents/Developer/Platforms/MacOSX.platform/Developer/SDKs/MacOSX.sdk/usr/share/man:/Applications/Xcode.app/Contents/Developer/Platforms/MacOSX.platform/usr/share/man:/Applications/Xcode.app/Contents/Developer/usr/share/man:/Applications/Xcode.app/Contents/Developer/Toolchains/XcodeDefault.xctoolchain/usr/share/man:"
    export MallocNanoZone=0
    export OLDPWD=/Users/sunmarke/Desktop/CleanMe
    export ORIGINAL_XDG_CURRENT_DESKTOP=undefined
    export OSLogRateLimit=64
    export PATH="/Applications/Xcode.app/Contents/Developer/usr/bin:/Users/sunmarke/.codeium/windsurf/bin:/opt/homebrew/opt/openjdk@17/bin:/opt/homebrew/Cellar/pyenv-virtualenv/1.2.4/shims:/Users/sunmarke/.pyenv/shims:/Users/sunmarke/.pyenv/bin:/opt/homebrew/bin:/opt/homebrew/sbin:/Users/sunmarke/Applications/Flutter SDK/flutter/bin/cache/dart-sdk/bin/:/Library/Frameworks/Python.framework/Versions/3.13/bin:/usr/local/bin:/System/Cryptexes/App/usr/bin:/usr/bin:/bin:/usr/sbin:/sbin:/var/run/com.apple.security.cryptexd/codex.system/bootstrap/usr/local/bin:/var/run/com.apple.security.cryptexd/codex.system/bootstrap/usr/bin:/var/run/com.apple.security.cryptexd/codex.system/bootstrap/usr/appleinternal/bin:/opt/pmk/env/global/bin:/Library/Apple/usr/bin:/opt/ImageMagick/bin:/Users/sunmarke/.codeium/windsurf/bin:/opt/homebrew/opt/openjdk@17/bin:/opt/homebrew/Cellar/pyenv-virtualenv/1.2.4/shims:/Users/sunmarke/.pyenv/bin:/Users/sunmarke/.local/bin:/Applications/Visual Studio Code.app/Contents/Resources/app/bin:/Users/sunmarke/Library/Application Support/Code/User/globalStorage/github.copilot-chat/debugCommand:/Users/sunmarke/.local/bin:/Applications/Visual Studio Code.app/Contents/Resources/app/bin"
    export PLATFORM_NAME=macosx
    export PRODUCT_BUNDLE_IDENTIFIER=cleanme.CleanME
    export PRODUCT_NAME=CleanME
    export PRODUCT_TYPE=com.apple.product-type.tool
    export PWD=/Users/sunmarke/Desktop/CleanMe
    export PYENV_SHELL=zsh
    export PYENV_VIRTUALENV_INIT=1
    export RUN_DESTINATION_DEVICE_MODEL=MacBookPro18,3
    export RUN_DESTINATION_DEVICE_NAME="My Mac"
    export RUN_DESTINATION_DEVICE_OS_VERSION=26.1
    export RUN_DESTINATION_DEVICE_PLATFORM_IDENTIFIER=com.apple.platform.macosx
    export RUN_DESTINATION_DEVICE_PLATFORM_NAME=macosx
    export RUN_DESTINATION_DEVICE_UDID=00006000-000C718C3E9A401E
    export SCHEME_ACTION_NAME="Run Script"
    export SCHEME_NAME=CleanME
    export SDKROOT=macosx26.1
    export SHELL=/bin/zsh
    export SHLVL=1
    export SSH_AUTH_SOCK=/private/tmp/com.apple.launchd.KwONV9Qfg4/Listeners
    export SUPPORTED_PLATFORMS="appletvos appletvsimulator driverkit iphoneos iphonesimulator macosx watchos watchsimulator xros xrsimulator"
    export SUPPORTS_MACCATALYST=YES
    export SUPPORTS_MAC_DESIGNED_FOR_IPHONE_IPAD=YES
    export SUPPORTS_XR_DESIGNED_FOR_IPHONE_IPAD=YES
    export SWIFT_VERSION=5
    export SYMROOT=/Users/sunmarke/Library/Developer/Xcode/DerivedData/CleanMe-fdguqcjflhdnvxhhnwyjiswrldxg/Build/Products
    export TARGETED_DEVICE_FAMILY=1,2,3,4,6,7
    export TARGET_BUILD_DIR=/Users/sunmarke/Library/Developer/Xcode/DerivedData/CleanMe-fdguqcjflhdnvxhhnwyjiswrldxg/Build/Products/Debug
    export TERM=xterm-256color
    export TERM_PROGRAM=vscode
    export TERM_PROGRAM_VERSION=1.101.2
    export TMPDIR=/var/folders/h6/0qb5csrd3lnf51rpnpmm1j180000gp/T/
    export TVOS_DEPLOYMENT_TARGET=12.0
    export USER=My
    export USER_ZDOTDIR=/Users/sunmarke
    export VSCODE_GIT_ASKPASS_EXTRA_ARGS=
    export VSCODE_GIT_ASKPASS_MAIN="/private/var/folders/h6/0qb5csrd3lnf51rpnpmm1j180000gp/T/AppTranslocation/398170E5-16CD-4DDD-A37A-4DCFEB0E6C34/d/Visual Studio Code.app/Contents/Resources/app/extensions/git/dist/askpass-main.js"
    export VSCODE_GIT_ASKPASS_NODE="/private/var/folders/h6/0qb5csrd3lnf51rpnpmm1j180000gp/T/AppTranslocation/398170E5-16CD-4DDD-A37A-4DCFEB0E6C34/d/Visual Studio Code.app/Contents/Frameworks/Code Helper (Plugin).app/Contents/MacOS/Code Helper (Plugin)"
    export VSCODE_GIT_IPC_HANDLE=/var/folders/h6/0qb5csrd3lnf51rpnpmm1j180000gp/T/vscode-git-a9b70f23d5.sock
    export VSCODE_INJECTION=1
    export VSCODE_PROFILE_INITIALIZED=1
    export WATCHOS_DEPLOYMENT_TARGET=5.0
    export WORKSPACE_PATH=/Users/sunmarke/Desktop/CleanMe/.swiftpm/xcode/package.xcworkspace
    export XPC_FLAGS=0x0
    export XPC_SERVICE_NAME=0
    export XROS_DEPLOYMENT_TARGET=1.0
    export ZDOTDIR=/Users/sunmarke
    export _=/usr/bin/xcodebuild
    export __CFBundleIdentifier=com.microsoft.VSCode
    export __CF_USER_TEXT_ENCODING="0x1F6:0x0:0x0"
    /bin/sh -c /var/folders/h6/0qb5csrd3lnf51rpnpmm1j180000gp/T/SchemeScriptAction-e5wWb8.sh
/var/folders/h6/0qb5csrd3lnf51rpnpmm1j180000gp/T/SchemeScriptAction-e5wWb8.sh: line 2: /run_app.sh: No such file or directory


Test session results, code coverage, and logs:
	/Users/sunmarke/Library/Developer/Xcode/DerivedData/CleanMe-fdguqcjflhdnvxhhnwyjiswrldxg/Logs/Test/Test-CleanME-2025.11.11_20-07-09-+0400.xcresult

